Microchip MPLAB XC8 Compiler V2.46

Linker command line:

-W-3 \
  --edf=C:\Program Files\Microchip\xc8\v2.46\pic\dat\20240104201356_en.msgs \
  -cn -h+dist/default/production\Ejemplo6_i2c.X.production.sym \
  --cmf=dist/default/production\Ejemplo6_i2c.X.production.cmf -z -Q18F57Q43 \
  -oC:\Users\DELL\AppData\Local\Temp\xcAsn14.\driver_tmp_3.o \
  --defsym=__MPLAB_BUILD=1 --fixupoverflow=error \
  -Mdist/default/production/Ejemplo6_i2c.X.production.map \
  --md=C:\Users\DELL\AppData\Local\Temp\xcAsn14.\driver_tmp_0.dat -E1 \
  -ver=XC8 Compiler --acfsm=1493 -ACODE=00h-01FFFFh -ACONST=00h-01FFFFh \
  -ASMALLCONST=02500h-025FFhx475 \
  -AMEDIUMCONST=02500h-0FFFFh,012500h-01FFFFh -ACOMRAM=0501h-055Fh \
  -AABS1=0500h-024FFh -ABIGRAM=0501h-024FFh \
  -ARAM=0560h-05FFh,0600h-06FFhx31 -ABANK5=0560h-05FFh -ABANK6=0600h-06FFh \
  -ABANK7=0700h-07FFh -ABANK8=0800h-08FFh -ABANK9=0900h-09FFh \
  -ABANK10=0A00h-0AFFh -ABANK11=0B00h-0BFFh -ABANK12=0C00h-0CFFh \
  -ABANK13=0D00h-0DFFh -ABANK14=0E00h-0EFFh -ABANK15=0F00h-0FFFh \
  -ABANK16=01000h-010FFh -ABANK17=01100h-011FFh -ABANK18=01200h-012FFh \
  -ABANK19=01300h-013FFh -ABANK20=01400h-014FFh -ABANK21=01500h-015FFh \
  -ABANK22=01600h-016FFh -ABANK23=01700h-017FFh -ABANK24=01800h-018FFh \
  -ABANK25=01900h-019FFh -ABANK26=01A00h-01AFFh -ABANK27=01B00h-01BFFh \
  -ABANK28=01C00h-01CFFh -ABANK29=01D00h-01DFFh -ABANK30=01E00h-01EFFh \
  -ABANK31=01F00h-01FFFh -ABANK32=02000h-020FFh -ABANK33=02100h-021FFh \
  -ABANK34=02200h-022FFh -ABANK35=02300h-023FFh -ABANK36=02400h-024FFh \
  -ASFR=00h-0FFhx4,0400h-045Fh,0460h-04FFh,02500h-025FFh \
  -ABIGSFR=00h-04FFh,02500h-025FFh -ACONFIG=0300000h-0300011h \
  -AIDLOC=0200000h-020003Fh -AEEDATA=0380000h-03803FFh -peeprom_data=EEDATA \
  -preset_vec=00h -ppowerup=CODE,init -pramtop=02500h \
  -psmallconst=SMALLCONST -pmediumconst=MEDIUMCONST -pconst=CONST \
  -AFARRAM=00h-00h \
  -prdata=COMRAM,nvrram=COMRAM,nvbit=COMRAM,rbss=COMRAM,rbit=COMRAM \
  -pfarbss=FARRAM,fardata=FARRAM,nvFARRAM=FARRAM \
  -pintsave_regs=BIGRAM,bigbss=BIGRAM,bigdata=BIGRAM -pbss=RAM \
  -pidata=CODE,irdata=CODE,ibigdata=CODE,ifardata=CODE -prparam=COMRAM \
  C:\Users\DELL\AppData\Local\Temp\xcAsn14.\driver_tmp_14.o \
  dist/default/production\Ejemplo6_i2c.X.production.o 

Object code version is 3.11

Machine type is 18F57Q43



                Name                               Link     Load   Length Selector   Space Scale
C:\Users\DELL\AppData\Local\Temp\xcAsn14.\driver_tmp_14.o
                config                           300000   300000        A        0       4
                init                              1FFFC    1FFFC        4     FFFE       0
                reset_vec                             0        0        4        0       0
dist/default/production\Ejemplo6_i2c.X.production.o
                config                           300000   300000        A        0       4
                smallconst                         2500     2500       76     1280       0
                text25                             2B2C     2B2C        8     12BB       0
                text24                             2B24     2B24        8     12BB       0
                text23                             2B10     2B10        C     12BB       0
                text22                             2B04     2B04        C     12BB       0
                text21                             2A8A     2A8A       1E     12BB       0
                text20                             2AA8     2AA8       1C     12BB       0
                text19                             2A2C     2A2C       22     12BB       0
                text18                             2898     2898       54     12BB       0
                text17                             2AF6     2AF6        E     12BB       0
                text16                             2AE8     2AE8        E     12BB       0
                text15                             2ADA     2ADA        E     12BB       0
                text14                             293A     293A       40     12BB       0
                text13                             2576     2576       E8     12BB       0
                text12                             2A0A     2A0A       22     12BB       0
                text11                             29E8     29E8       22     12BB       0
                text10                             29C6     29C6       22     12BB       0
                text9                              2728     2728       88     12BB       0
                text8                              2AC4     2AC4       16     12BB       0
                text7                              297A     297A       2A     12BB       0
                text6                              2B1C     2B1C        8     12BB       0
                text5                              2A6C     2A6C       1E     12BB       0
                text4                              265E     265E       CA     12BB       0
                text3                              27B0     27B0       7E     12BB       0
                text2                              28EC     28EC       4E     12BB       0
                text1                              29A4     29A4       22     12BB       0
                text0                              282E     282E       6A     12BB       0
                cstackCOMRAM                        52A      52A       1C      501       1
                bssBANK5                            560      560       20      560       1
                bssCOMRAM                           501      501       29      501       1
                cinit                              2A4E     2A4E       1E     12BB       0

TOTAL           Name                               Link     Load   Length     Space
        CLASS   CODE           
                init                              1FFFC    1FFFC        4         0
                reset_vec                             0        0        4         0
                text25                             2B2C     2B2C        8         0
                text24                             2B24     2B24        8         0
                text23                             2B10     2B10        C         0
                text22                             2B04     2B04        C         0
                text21                             2A8A     2A8A       1E         0
                text20                             2AA8     2AA8       1C         0
                text19                             2A2C     2A2C       22         0
                text18                             2898     2898       54         0
                text17                             2AF6     2AF6        E         0
                text16                             2AE8     2AE8        E         0
                text15                             2ADA     2ADA        E         0
                text14                             293A     293A       40         0
                text13                             2576     2576       E8         0
                text12                             2A0A     2A0A       22         0
                text11                             29E8     29E8       22         0
                text10                             29C6     29C6       22         0
                text9                              2728     2728       88         0
                text8                              2AC4     2AC4       16         0
                text7                              297A     297A       2A         0
                text6                              2B1C     2B1C        8         0
                text5                              2A6C     2A6C       1E         0
                text4                              265E     265E       CA         0
                text3                              27B0     27B0       7E         0
                text2                              28EC     28EC       4E         0
                text1                              29A4     29A4       22         0
                text0                              282E     282E       6A         0
                cinit                              2A4E     2A4E       1E         0

        CLASS   CONST          

        CLASS   SMALLCONST     
                smallconst                         2500     2500       76         0

        CLASS   MEDIUMCONST    

        CLASS   COMRAM         
                cstackCOMRAM                        52A      52A       1C         1
                bssCOMRAM                           501      501       29         1

        CLASS   ABS1           

        CLASS   BIGRAM         

        CLASS   RAM            

        CLASS   BANK5          
                bssBANK5                            560      560       20         1

        CLASS   BANK6          

        CLASS   BANK7          

        CLASS   BANK8          

        CLASS   BANK9          

        CLASS   BANK10         

        CLASS   BANK11         

        CLASS   BANK12         

        CLASS   BANK13         

        CLASS   BANK14         

        CLASS   BANK15         

        CLASS   BANK16         

        CLASS   BANK17         

        CLASS   BANK18         

        CLASS   BANK19         

        CLASS   BANK20         

        CLASS   BANK21         

        CLASS   BANK22         

        CLASS   BANK23         

        CLASS   BANK24         

        CLASS   BANK25         

        CLASS   BANK26         

        CLASS   BANK27         

        CLASS   BANK28         

        CLASS   BANK29         

        CLASS   BANK30         

        CLASS   BANK31         

        CLASS   BANK32         

        CLASS   BANK33         

        CLASS   BANK34         

        CLASS   BANK35         

        CLASS   BANK36         

        CLASS   SFR            

        CLASS   BIGSFR         

        CLASS   CONFIG         
                config                           300000   300000        A         4

        CLASS   IDLOC          

        CLASS   EEDATA         

        CLASS   FARRAM         

        CLASS   HEAP           

        CLASS   STACK          



SEGMENTS        Name                           Load    Length   Top    Selector   Space  Class

                reset_vec                      000000  000004  000004         0       0  CODE    
                bssCOMRAM                      000501  000045  000546       501       1  COMRAM  
                bssBANK5                       000560  000020  000580       560       1  BANK5   
                smallconst                     002500  000076  002576      1280       0  SMALLCON
                text13                         002576  0005BE  002B34      12BB       0  CODE    
                init                           01FFFC  000004  020000      FFFE       0  CODE    


UNUSED ADDRESS RANGES

        Name                Unused          Largest block    Delta
        BANK10           000A00-000AFF              100
        BANK11           000B00-000BFF              100
        BANK12           000C00-000CFF              100
        BANK13           000D00-000DFF              100
        BANK14           000E00-000EFF              100
        BANK15           000F00-000FFF              100
        BANK16           001000-0010FF              100
        BANK17           001100-0011FF              100
        BANK18           001200-0012FF              100
        BANK19           001300-0013FF              100
        BANK20           001400-0014FF              100
        BANK21           001500-0015FF              100
        BANK22           001600-0016FF              100
        BANK23           001700-0017FF              100
        BANK24           001800-0018FF              100
        BANK25           001900-0019FF              100
        BANK26           001A00-001AFF              100
        BANK27           001B00-001BFF              100
        BANK28           001C00-001CFF              100
        BANK29           001D00-001DFF              100
        BANK30           001E00-001EFF              100
        BANK31           001F00-001FFF              100
        BANK32           002000-0020FF              100
        BANK33           002100-0021FF              100
        BANK34           002200-0022FF              100
        BANK35           002300-0023FF              100
        BANK36           002400-0024FF              100
        BANK5            000580-0005FF               80
        BANK6            000600-0006FF              100
        BANK7            000700-0007FF              100
        BANK8            000800-0008FF              100
        BANK9            000900-0009FF              100
        BIGRAM           000546-00055F               1A
                         000580-0024FF             1F80
        BIGSFR           000000-0004FF              500
                         002500-0025FF              100
        CODE             000004-0024FF             24FC
                         002B34-01FFFB            1D4C8
        COMRAM           000546-00055F               1A
        CONFIG           30000A-300011                8
        CONST            000004-0024FF             24FC
                         002B34-01FFFB            1D4C8
        EEDATA           380000-3803FF              400
        IDLOC            200000-20003F               40
        MEDIUMCONST      002B34-00FFFF             D4CC
                         012500-01FFFB             DAFC
        RAM              000580-0024FF              100
        SFR              000000-0004FF              100
                         002500-0025FF              100
        SMALLCONST       002B34-01FFFB              100

                                  Symbol Table

?_printf                                           cstackCOMRAM 000541
?_vfprintf                                         cstackCOMRAM 00053B
I2C1_CallbackRegister@callbackHandler              cstackCOMRAM 00052A
I2C1_CounterSet@counter                            cstackCOMRAM 00052A
I2C_Write_Addres_Data_Slave@Address                cstackCOMRAM 00052B
I2C_Write_Addres_Data_Slave@data_dir               cstackCOMRAM 00052A
I2C_Write_Data_Slave@data                          cstackCOMRAM 00052B
INT0_SetInterruptHandler@InterruptHandler          cstackCOMRAM 00052A
INT1_SetInterruptHandler@InterruptHandler          cstackCOMRAM 00052A
INT2_SetInterruptHandler@InterruptHandler          cstackCOMRAM 00052A
UART1_FramingErrorCallbackRegister@callbackHandler cstackCOMRAM 00052A
UART1_OverrunErrorCallbackRegister@callbackHandler cstackCOMRAM 00052A
UART1_ParityErrorCallbackRegister@callbackHandler  cstackCOMRAM 00052A
UART1_Write@txData                                 cstackCOMRAM 00052A
_ACTCON                                            (abs)        0000AC
_ANSELA                                            (abs)        000400
_ANSELB                                            (abs)        000408
_ANSELC                                            (abs)        000410
_ANSELD                                            (abs)        000418
_ANSELE                                            (abs)        000420
_ANSELF                                            (abs)        000428
_CLOCK_Initialize                                  text20       002AA8
_I2C1ADB1                                          (abs)        00028F
_I2C1CLK                                           (abs)        00029C
_I2C1CNT                                           (abs)        00028D
_I2C1CON0                                          (abs)        000294
_I2C1CON0bits                                      (abs)        000294
_I2C1CON1                                          (abs)        000295
_I2C1CON1bits                                      (abs)        000295
_I2C1CON2                                          (abs)        000296
_I2C1ERR                                           (abs)        000297
_I2C1ERRbits                                       (abs)        000297
_I2C1PIE                                           (abs)        00029B
_I2C1PIR                                           (abs)        00029A
_I2C1PIRbits                                       (abs)        00029A
_I2C1RXB                                           (abs)        00028B
_I2C1SCLPPS                                        (abs)        000271
_I2C1SDAPPS                                        (abs)        000270
_I2C1STAT0bits                                     (abs)        000298
_I2C1STAT1                                         (abs)        000299
_I2C1STAT1bits                                     (abs)        000299
_I2C1TXB                                           (abs)        00028C
_I2C1_Callback                                     bssCOMRAM    00050E
_I2C1_CallbackRegister                             text19       002A2C
_I2C1_CounterSet                                   text24       002B24
_I2C1_DefaultCallback                              (abs)        000000
_I2C1_Deinitialize                                 (abs)        000000
_I2C1_ErrorGet                                     (abs)        000000
_I2C1_Host                                         smallconst   002549
_I2C1_Initialize                                   text18       002898
_I2C1_IsBusy                                       (abs)        000000
_I2C1_Read                                         (abs)        000000
_I2C1_Tasks                                        (abs)        000000
_I2C1_Write                                        (abs)        000000
_I2C1_WriteRead                                    (abs)        000000
_I2C_Start                                         text25       002B2C
_I2C_Stop                                          text23       002B10
_I2C_Write_Addres_Data_Slave                       text22       002B04
_I2C_Write_Data_Slave                              text21       002A8A
_INLVLA                                            (abs)        000404
_INLVLB                                            (abs)        00040C
_INLVLC                                            (abs)        000414
_INLVLD                                            (abs)        00041C
_INLVLE                                            (abs)        000424
_INLVLF                                            (abs)        00042C
_INT0_DefaultInterruptHandler                      (abs)        000000
_INT0_InterruptHandler                             bssCOMRAM    000517
_INT0_SetInterruptHandler                          text17       002AF6
_INT1_DefaultInterruptHandler                      (abs)        000000
_INT1_InterruptHandler                             bssCOMRAM    000514
_INT1_SetInterruptHandler                          text16       002AE8
_INT2_DefaultInterruptHandler                      (abs)        000000
_INT2_InterruptHandler                             bssCOMRAM    000511
_INT2_SetInterruptHandler                          text15       002ADA
_INTCON0bits                                       (abs)        0004D6
_INTERRUPT_Initialize                              text14       00293A
_IOCAF                                             (abs)        000407
_IOCAN                                             (abs)        000406
_IOCAP                                             (abs)        000405
_IOCBF                                             (abs)        00040F
_IOCBN                                             (abs)        00040E
_IOCBP                                             (abs)        00040D
_IOCCF                                             (abs)        000417
_IOCCN                                             (abs)        000416
_IOCCP                                             (abs)        000415
_IOCEF                                             (abs)        000427
_IOCEN                                             (abs)        000426
_IOCEP                                             (abs)        000425
_LATA                                              (abs)        0004BE
_LATB                                              (abs)        0004BF
_LATC                                              (abs)        0004C0
_LATD                                              (abs)        0004C1
_LATE                                              (abs)        0004C2
_LATF                                              (abs)        0004C3
_LATFbits                                          (abs)        0004C3
_ODCONA                                            (abs)        000402
_ODCONB                                            (abs)        00040A
_ODCONC                                            (abs)        000412
_ODCOND                                            (abs)        00041A
_ODCONE                                            (abs)        000422
_ODCONF                                            (abs)        00042A
_OSCCON1                                           (abs)        0000AD
_OSCCON3                                           (abs)        0000AF
_OSCEN                                             (abs)        0000B3
_OSCFRQ                                            (abs)        0000B1
_OSCTUNE                                           (abs)        0000B0
_PIN_MANAGER_Initialize                            text13       002576
_PIR10bits                                         (abs)        0004B8
_PIR1bits                                          (abs)        0004AF
_PIR6bits                                          (abs)        0004B4
_PIR7bits                                          (abs)        0004B5
_RB1I2C                                            (abs)        000289
_RB2I2C                                            (abs)        000288
_RC3I2C                                            (abs)        000287
_RC4I2C                                            (abs)        000286
_RC4PPS                                            (abs)        000215
_RC5PPS                                            (abs)        000216
_RF0PPS                                            (abs)        000229
_SLRCONA                                           (abs)        000403
_SLRCONB                                           (abs)        00040B
_SLRCONC                                           (abs)        000413
_SLRCOND                                           (abs)        00041B
_SLRCONE                                           (abs)        000423
_SLRCONF                                           (abs)        00042B
_SYSTEM_Initialize                                 text8        002AC4
_TRISA                                             (abs)        0004C6
_TRISB                                             (abs)        0004C7
_TRISC                                             (abs)        0004C8
_TRISD                                             (abs)        0004C9
_TRISE                                             (abs)        0004CA
_TRISF                                             (abs)        0004CB
_U1BRGH                                            (abs)        0002AF
_U1BRGL                                            (abs)        0002AE
_U1CON0                                            (abs)        0002AB
_U1CON0bits                                        (abs)        0002AB
_U1CON1                                            (abs)        0002AC
_U1CON1bits                                        (abs)        0002AC
_U1CON2                                            (abs)        0002AD
_U1ERRIE                                           (abs)        0002B3
_U1ERRIR                                           (abs)        0002B2
_U1ERRIRbits                                       (abs)        0002B2
_U1FIFO                                            (abs)        0002B0
_U1FIFObits                                        (abs)        0002B0
_U1P1H                                             (abs)        0002A6
_U1P1L                                             (abs)        0002A5
_U1P2H                                             (abs)        0002A8
_U1P2L                                             (abs)        0002A7
_U1P3H                                             (abs)        0002AA
_U1P3L                                             (abs)        0002A9
_U1RXB                                             (abs)        0002A1
_U1RXCHK                                           (abs)        0002A2
_U1RXPPS                                           (abs)        000272
_U1TXB                                             (abs)        0002A3
_U1TXCHK                                           (abs)        0002A4
_U1UIR                                             (abs)        0002B1
_U1UIRbits                                         (abs)        0002B1
_UART1                                             smallconst   002501
_UART1_AutoBaudQuery                               (abs)        000000
_UART1_AutoBaudSet                                 (abs)        000000
_UART1_DefaultFramingErrorCallback                 (abs)        000000
_UART1_DefaultOverrunErrorCallback                 (abs)        000000
_UART1_DefaultParityErrorCallback                  (abs)        000000
_UART1_Deinitialize                                (abs)        000000
_UART1_ErrorGet                                    (abs)        000000
_UART1_FramingErrorCallbackRegister                text12       002A0A
_UART1_FramingErrorHandler                         bssCOMRAM    000520
_UART1_Initialize                                  text9        002728
_UART1_IsRxReady                                   (abs)        000000
_UART1_IsTxDone                                    (abs)        000000
_UART1_IsTxReady                                   text7        00297A
_UART1_IsTxReady$711                               cstackCOMRAM 00052A
_UART1_OverrunErrorCallbackRegister                text11       0029E8
_UART1_OverrunErrorHandler                         bssCOMRAM    00051D
_UART1_ParityErrorCallbackRegister                 text10       0029C6
_UART1_ParityErrorHandler                          bssCOMRAM    00051A
_UART1_Read                                        (abs)        000000
_UART1_TransmitDisable                             (abs)        000000
_UART1_TransmitEnable                              (abs)        000000
_UART1_Write                                       text6        002B1C
_WPUA                                              (abs)        000401
_WPUB                                              (abs)        000409
_WPUC                                              (abs)        000411
_WPUD                                              (abs)        000419
_WPUE                                              (abs)        000421
_WPUF                                              (abs)        000429
__HRAM                                             (abs)        000000
__H__absolute__                                    __absolute__ 000000
__Habs1                                            abs1         000000
__Hbank10                                          bank10       000000
__Hbank11                                          bank11       000000
__Hbank12                                          bank12       000000
__Hbank13                                          bank13       000000
__Hbank14                                          bank14       000000
__Hbank15                                          bank15       000000
__Hbank16                                          bank16       000000
__Hbank17                                          bank17       000000
__Hbank18                                          bank18       000000
__Hbank19                                          bank19       000000
__Hbank20                                          bank20       000000
__Hbank21                                          bank21       000000
__Hbank22                                          bank22       000000
__Hbank23                                          bank23       000000
__Hbank24                                          bank24       000000
__Hbank25                                          bank25       000000
__Hbank26                                          bank26       000000
__Hbank27                                          bank27       000000
__Hbank28                                          bank28       000000
__Hbank29                                          bank29       000000
__Hbank30                                          bank30       000000
__Hbank31                                          bank31       000000
__Hbank32                                          bank32       000000
__Hbank33                                          bank33       000000
__Hbank34                                          bank34       000000
__Hbank35                                          bank35       000000
__Hbank36                                          bank36       000000
__Hbank5                                           bank5        000000
__Hbank6                                           bank6        000000
__Hbank7                                           bank7        000000
__Hbank8                                           bank8        000000
__Hbank9                                           bank9        000000
__Hbigbss                                          bigbss       000000
__Hbigdata                                         bigdata      000000
__Hbigram                                          bigram       000000
__Hbigsfr                                          bigsfr       000000
__Hbss                                             bss          000000
__HbssBANK5                                        bssBANK5     000000
__HbssCOMRAM                                       bssCOMRAM    000000
__Hcinit                                           cinit        000000
__Hclrtext                                         clrtext      000000
__Hcomram                                          comram       000000
__Hconfig                                          config       30000A
__Hconst                                           const        000000
__HcstackCOMRAM                                    cstackCOMRAM 000000
__Hdata                                            data         000000
__Heeprom_data                                     eeprom_data  000000
__Hfarbss                                          farbss       000000
__Hfardata                                         fardata      000000
__Hheap                                            heap         000000
__Hibigdata                                        ibigdata     000000
__Hidata                                           idata        000000
__Hidloc                                           idloc        000000
__Hifardata                                        ifardata     000000
__Hinit                                            init         020000
__Hintsave_regs                                    intsave_regs 000000
__Hirdata                                          irdata       000000
__Hmediumconst                                     mediumconst  000000
__HnvFARRAM                                        nvFARRAM     000000
__Hnvbit                                           nvbit        000000
__Hnvrram                                          nvrram       000000
__Hparam                                           rparam       000000
__Hpowerup                                         powerup      000000
__Hram                                             ram          000000
__Hramtop                                          ramtop       002500
__Hrbit                                            rbit         000000
__Hrbss                                            rbss         000000
__Hrdata                                           rdata        000000
__Hreset_vec                                       reset_vec    000004
__Hrparam                                          rparam       000000
__Hsfr                                             sfr          000000
__Hsmallconst                                      smallconst   002576
__Hspace_0                                         (abs)        020000
__Hspace_1                                         (abs)        000580
__Hspace_2                                         (abs)        000000
__Hspace_4                                         (abs)        60000A
__Hstack                                           stack        000000
__Hstruct                                          struct       000000
__Htemp                                            temp         000000
__Htext                                            text         000000
__Htext0                                           text0        000000
__Htext1                                           text1        000000
__Htext10                                          text10       000000
__Htext11                                          text11       000000
__Htext12                                          text12       000000
__Htext13                                          text13       000000
__Htext14                                          text14       000000
__Htext15                                          text15       000000
__Htext16                                          text16       000000
__Htext17                                          text17       000000
__Htext18                                          text18       000000
__Htext19                                          text19       000000
__Htext2                                           text2        000000
__Htext20                                          text20       000000
__Htext21                                          text21       000000
__Htext22                                          text22       000000
__Htext23                                          text23       000000
__Htext24                                          text24       000000
__Htext25                                          text25       000000
__Htext3                                           text3        000000
__Htext4                                           text4        000000
__Htext5                                           text5        000000
__Htext6                                           text6        000000
__Htext7                                           text7        000000
__Htext8                                           text8        000000
__Htext9                                           text9        000000
__LRAM                                             (abs)        000001
__L__absolute__                                    __absolute__ 000000
__Labs1                                            abs1         000000
__Lbank10                                          bank10       000000
__Lbank11                                          bank11       000000
__Lbank12                                          bank12       000000
__Lbank13                                          bank13       000000
__Lbank14                                          bank14       000000
__Lbank15                                          bank15       000000
__Lbank16                                          bank16       000000
__Lbank17                                          bank17       000000
__Lbank18                                          bank18       000000
__Lbank19                                          bank19       000000
__Lbank20                                          bank20       000000
__Lbank21                                          bank21       000000
__Lbank22                                          bank22       000000
__Lbank23                                          bank23       000000
__Lbank24                                          bank24       000000
__Lbank25                                          bank25       000000
__Lbank26                                          bank26       000000
__Lbank27                                          bank27       000000
__Lbank28                                          bank28       000000
__Lbank29                                          bank29       000000
__Lbank30                                          bank30       000000
__Lbank31                                          bank31       000000
__Lbank32                                          bank32       000000
__Lbank33                                          bank33       000000
__Lbank34                                          bank34       000000
__Lbank35                                          bank35       000000
__Lbank36                                          bank36       000000
__Lbank5                                           bank5        000000
__Lbank6                                           bank6        000000
__Lbank7                                           bank7        000000
__Lbank8                                           bank8        000000
__Lbank9                                           bank9        000000
__Lbigbss                                          bigbss       000000
__Lbigdata                                         bigdata      000000
__Lbigram                                          bigram       000000
__Lbigsfr                                          bigsfr       000000
__Lbss                                             bss          000000
__LbssBANK5                                        bssBANK5     000000
__LbssCOMRAM                                       bssCOMRAM    000000
__Lcinit                                           cinit        000000
__Lclrtext                                         clrtext      000000
__Lcomram                                          comram       000000
__Lconfig                                          config       000000
__Lconst                                           const        000000
__LcstackCOMRAM                                    cstackCOMRAM 000000
__Ldata                                            data         000000
__Leeprom_data                                     eeprom_data  000000
__Lfarbss                                          farbss       000000
__Lfardata                                         fardata      000000
__Lheap                                            heap         000000
__Libigdata                                        ibigdata     000000
__Lidata                                           idata        000000
__Lidloc                                           idloc        000000
__Lifardata                                        ifardata     000000
__Linit                                            init         01FFFC
__Lintsave_regs                                    intsave_regs 000000
__Lirdata                                          irdata       000000
__Lmediumconst                                     mediumconst  000000
__LnvFARRAM                                        nvFARRAM     000000
__Lnvbit                                           nvbit        000000
__Lnvrram                                          nvrram       000000
__Lparam                                           rparam       000000
__Lpowerup                                         powerup      000000
__Lram                                             ram          000000
__Lramtop                                          ramtop       002500
__Lrbit                                            rbit         000000
__Lrbss                                            rbss         000000
__Lrdata                                           rdata        000000
__Lreset_vec                                       reset_vec    000000
__Lrparam                                          rparam       000000
__Lsfr                                             sfr          000000
__Lsmallconst                                      smallconst   002500
__Lspace_0                                         (abs)        000000
__Lspace_1                                         (abs)        000000
__Lspace_2                                         (abs)        000000
__Lspace_4                                         (abs)        000000
__Lstack                                           stack        000000
__Lstruct                                          struct       000000
__Ltemp                                            temp         000000
__Ltext                                            text         000000
__Ltext0                                           text0        000000
__Ltext1                                           text1        000000
__Ltext10                                          text10       000000
__Ltext11                                          text11       000000
__Ltext12                                          text12       000000
__Ltext13                                          text13       000000
__Ltext14                                          text14       000000
__Ltext15                                          text15       000000
__Ltext16                                          text16       000000
__Ltext17                                          text17       000000
__Ltext18                                          text18       000000
__Ltext19                                          text19       000000
__Ltext2                                           text2        000000
__Ltext20                                          text20       000000
__Ltext21                                          text21       000000
__Ltext22                                          text22       000000
__Ltext23                                          text23       000000
__Ltext24                                          text24       000000
__Ltext25                                          text25       000000
__Ltext3                                           text3        000000
__Ltext4                                           text4        000000
__Ltext5                                           text5        000000
__Ltext6                                           text6        000000
__Ltext7                                           text7        000000
__Ltext8                                           text8        000000
__Ltext9                                           text9        000000
__S0                                               (abs)        020000
__S1                                               (abs)        000580
__S4                                               (abs)        000000
__S5                                               (abs)        000000
___heap_hi                                         (abs)        000000
___heap_lo                                         (abs)        000000
___inthi_sp                                        stack        000000
___inthi_stack_hi                                  stack        000000
___inthi_stack_lo                                  stack        000000
___intlo_sp                                        stack        000000
___intlo_stack_hi                                  stack        000000
___intlo_stack_lo                                  stack        000000
___param_bank                                      (abs)        000000
___rparam_used                                     (abs)        000001
___sp                                              stack        000000
___stack_hi                                        stack        000000
___stack_lo                                        stack        000000
__accesstop                                        (abs)        000560
__activetblptr                                     (abs)        000003
__end_of_CLOCK_Initialize                          text20       002AC4
__end_of_I2C1_CallbackRegister                     text19       002A4E
__end_of_I2C1_CounterSet                           text24       002B2C
__end_of_I2C1_Host                                 smallconst   002567
__end_of_I2C1_Initialize                           text18       0028EC
__end_of_I2C_Start                                 text25       002B34
__end_of_I2C_Stop                                  text23       002B1C
__end_of_I2C_Write_Addres_Data_Slave               text22       002B10
__end_of_I2C_Write_Data_Slave                      text21       002AA8
__end_of_INT0_SetInterruptHandler                  text17       002B04
__end_of_INT1_SetInterruptHandler                  text16       002AF6
__end_of_INT2_SetInterruptHandler                  text15       002AE8
__end_of_INTERRUPT_Initialize                      text14       00297A
__end_of_PIN_MANAGER_Initialize                    text13       00265E
__end_of_SYSTEM_Initialize                         text8        002ADA
__end_of_UART1                                     smallconst   002549
__end_of_UART1_FramingErrorCallbackRegister        text12       002A2C
__end_of_UART1_Initialize                          text9        0027B0
__end_of_UART1_IsTxReady                           text7        0029A4
__end_of_UART1_OverrunErrorCallbackRegister        text11       002A0A
__end_of_UART1_ParityErrorCallbackRegister         text10       0029E8
__end_of_UART1_Write                               text6        002B24
__end_of__initialization                           cinit        002A66
__end_of_fputc                                     text4        002728
__end_of_main                                      text0        002898
__end_of_printf                                    text1        0029C6
__end_of_putch                                     text5        002A8A
__end_of_vfpfcnvrt                                 text3        00282E
__end_of_vfprintf                                  text2        00293A
__initialization                                   cinit        002A4E
__mediumconst                                      mediumconst  000000
__pbssBANK5                                        bssBANK5     000560
__pbssCOMRAM                                       bssCOMRAM    000501
__pcinit                                           cinit        002A4E
__pcstackCOMRAM                                    cstackCOMRAM 00052A
__psmallconst                                      smallconst   002500
__ptext0                                           text0        00282E
__ptext1                                           text1        0029A4
__ptext10                                          text10       0029C6
__ptext11                                          text11       0029E8
__ptext12                                          text12       002A0A
__ptext13                                          text13       002576
__ptext14                                          text14       00293A
__ptext15                                          text15       002ADA
__ptext16                                          text16       002AE8
__ptext17                                          text17       002AF6
__ptext18                                          text18       002898
__ptext19                                          text19       002A2C
__ptext2                                           text2        0028EC
__ptext20                                          text20       002AA8
__ptext21                                          text21       002A8A
__ptext22                                          text22       002B04
__ptext23                                          text23       002B10
__ptext24                                          text24       002B24
__ptext25                                          text25       002B2C
__ptext3                                           text3        0027B0
__ptext4                                           text4        00265E
__ptext5                                           text5        002A6C
__ptext6                                           text6        002B1C
__ptext7                                           text7        00297A
__ptext8                                           text8        002AC4
__ptext9                                           text9        002728
__ramtop                                           ramtop       002500
__smallconst                                       smallconst   002500
_flags                                             bssCOMRAM    000529
_fputc                                             text4        00265E
_i2c1Status                                        bssCOMRAM    000501
_main                                              text0        00282E
_prec                                              bssCOMRAM    000525
_printf                                            text1        0029A4
_putch                                             text5        002A6C
_uart1RxLastError                                  bssCOMRAM    000527
_vfpfcnvrt                                         text3        0027B0
_vfprintf                                          text2        0028EC
_width                                             bssCOMRAM    000523
end_of_initialization                              cinit        002A66
fputc@c                                            cstackCOMRAM 00052C
fputc@fp                                           cstackCOMRAM 00052E
intlevel0                                          text         000000
intlevel1                                          text         000000
intlevel2                                          text         000000
intlevel3                                          text         000000
isa$std                                            (abs)        000001
isa$xinst                                          (abs)        000000
printf@ap                                          cstackCOMRAM 000542
printf@fmt                                         cstackCOMRAM 000541
putch@txData                                       cstackCOMRAM 00052B
stackhi                                            (abs)        000000
stacklo                                            (abs)        000000
start                                              init         01FFFC
start_initialization                               cinit        002A4E
vfpfcnvrt@ap                                       cstackCOMRAM 000539
vfpfcnvrt@fmt                                      cstackCOMRAM 000537
vfpfcnvrt@fp                                       cstackCOMRAM 000535
vfprintf@ap                                        cstackCOMRAM 00053E
vfprintf@cfmt                                      cstackCOMRAM 000540
vfprintf@fmt                                       cstackCOMRAM 00053D
vfprintf@fp                                        cstackCOMRAM 00053B


MODULE INFORMATION

Module		Function		Class		Link	Load	Size
C:\Program Files\Microchip\xc8\v2.46\pic\sources\c99\common\printf.c
		_printf        		CODE           	29A4	0000	34

C:\Program Files\Microchip\xc8\v2.46\pic\sources\c99\common\printf.c estimated size: 34

C:\Program Files\Microchip\xc8\v2.46\pic\sources\c99\common\nf_fputc.c
		_fputc         		CODE           	265E	0000	202

C:\Program Files\Microchip\xc8\v2.46\pic\sources\c99\common\nf_fputc.c estimated size: 202

mcc_generated_files/system/src/interrupt.c
		_INT0_SetInterruptHandler		CODE           	2AF6	0000	14
		_INT1_SetInterruptHandler		CODE           	2AE8	0000	14
		_INT2_SetInterruptHandler		CODE           	2ADA	0000	14
		_INTERRUPT_Initialize		CODE           	293A	0000	64

mcc_generated_files/system/src/interrupt.c estimated size: 106

mcc_generated_files/uart/src/uart1.c
		_UART1_IsTxReady		CODE           	297A	0000	42
		_UART1_Write   		CODE           	2B1C	0000	8
		_putch         		CODE           	2A6C	0000	30
		_UART1_FramingErrorCallbackRegister		CODE           	2A0A	0000	34
		_UART1_OverrunErrorCallbackRegister		CODE           	29E8	0000	34
		_UART1_Initialize		CODE           	2728	0000	136
		_UART1_ParityErrorCallbackRegister		CODE           	29C6	0000	34

mcc_generated_files/uart/src/uart1.c estimated size: 318

mcc_generated_files/i2c_host/src/i2c1.c
		_I2C1_CallbackRegister		CODE           	2A2C	0000	34
		_I2C1_CounterSet		CODE           	2B24	0000	8
		_I2C_Write_Data_Slave		CODE           	2A8A	0000	30
		_I2C_Stop      		CODE           	2B10	0000	12
		_I2C_Write_Addres_Data_Slave		CODE           	2B04	0000	12
		_I2C1_Initialize		CODE           	2898	0000	84
		_I2C_Start     		CODE           	2B2C	0000	8

mcc_generated_files/i2c_host/src/i2c1.c estimated size: 188

C:\Program Files\Microchip\xc8\v2.46\pic\sources\c99\common\doprnt.c
		_vfpfcnvrt     		CODE           	27B0	0000	126
		_vfprintf      		CODE           	28EC	0000	78

C:\Program Files\Microchip\xc8\v2.46\pic\sources\c99\common\doprnt.c estimated size: 204

mcc_generated_files/system/src/pins.c
		_PIN_MANAGER_Initialize		CODE           	2576	0000	232

mcc_generated_files/system/src/pins.c estimated size: 232

shared
		__initialization		CODE           	2A4E	0000	24
		_I2C1_Host     		SMALLCONST     	2549	0000	30
		_UART1         		SMALLCONST     	2501	0000	72

shared estimated size: 126

mcc_generated_files/system/src/clock.c
		_CLOCK_Initialize		CODE           	2AA8	0000	28

mcc_generated_files/system/src/clock.c estimated size: 28

main.c
		_main          		CODE           	282E	0000	106

main.c estimated size: 106

mcc_generated_files/system/src/system.c
		_SYSTEM_Initialize		CODE           	2AC4	0000	22

mcc_generated_files/system/src/system.c estimated size: 22

