Microchip MPLAB XC8 Compiler V2.46

Linker command line:

-W-3 \
  --edf=C:\Program Files\Microchip\xc8\v2.46\pic\dat\20240104201356_en.msgs \
  -cn -h+dist/default/debug\Ejemplo7_OLED.X.debug.sym \
  --cmf=dist/default/debug\Ejemplo7_OLED.X.debug.cmf -z -Q18F57Q43 \
  -oC:\Users\DELL\AppData\Local\Temp\xcAsltk.\driver_tmp_3.o \
  --defsym=__MPLAB_BUILD=1 --fixupoverflow=error \
  -Mdist/default/debug/Ejemplo7_OLED.X.debug.map \
  --md=C:\Users\DELL\AppData\Local\Temp\xcAsltk.\driver_tmp_0.dat -E1 \
  -ver=XC8 Compiler --acfsm=1493 -ACODE=00h-01FFFFh -ACONST=00h-01FFFFh \
  -ASMALLCONST=02500h-025FFhx475 \
  -AMEDIUMCONST=02500h-0FFFFh,012500h-01FFFFh -ACOMRAM=0501h-055Fh \
  -AABS1=0500h-024FFh -ABIGRAM=0501h-024FFh \
  -ARAM=0560h-05FFh,0600h-06FFhx31 -ABANK5=0560h-05FFh -ABANK6=0600h-06FFh \
  -ABANK7=0700h-07FFh -ABANK8=0800h-08FFh -ABANK9=0900h-09FFh \
  -ABANK10=0A00h-0AFFh -ABANK11=0B00h-0BFFh -ABANK12=0C00h-0CFFh \
  -ABANK13=0D00h-0DFFh -ABANK14=0E00h-0EFFh -ABANK15=0F00h-0FFFh \
  -ABANK16=01000h-010FFh -ABANK17=01100h-011FFh -ABANK18=01200h-012FFh \
  -ABANK19=01300h-013FFh -ABANK20=01400h-014FFh -ABANK21=01500h-015FFh \
  -ABANK22=01600h-016FFh -ABANK23=01700h-017FFh -ABANK24=01800h-018FFh \
  -ABANK25=01900h-019FFh -ABANK26=01A00h-01AFFh -ABANK27=01B00h-01BFFh \
  -ABANK28=01C00h-01CFFh -ABANK29=01D00h-01DFFh -ABANK30=01E00h-01EFFh \
  -ABANK31=01F00h-01FFFh -ABANK32=02000h-020FFh -ABANK33=02100h-021FFh \
  -ABANK34=02200h-022FFh -ABANK35=02300h-023FFh -ABANK36=02400h-024FFh \
  -ASFR=00h-0FFhx4,0400h-045Fh,0460h-04FFh,02500h-025FFh \
  -ABIGSFR=00h-04FFh,02500h-025FFh -ACONFIG=0300000h-0300011h \
  -AIDLOC=0200000h-020003Fh -AEEDATA=0380000h-03803FFh -peeprom_data=EEDATA \
  -preset_vec=00h -ppowerup=CODE,init -pramtop=02500h \
  -psmallconst=SMALLCONST -pmediumconst=MEDIUMCONST -pconst=CONST \
  -AFARRAM=00h-00h \
  -prdata=COMRAM,nvrram=COMRAM,nvbit=COMRAM,rbss=COMRAM,rbit=COMRAM \
  -pfarbss=FARRAM,fardata=FARRAM,nvFARRAM=FARRAM \
  -pintsave_regs=BIGRAM,bigbss=BIGRAM,bigdata=BIGRAM -pbss=RAM \
  -pidata=CODE,irdata=CODE,ibigdata=CODE,ifardata=CODE -prparam=COMRAM \
  C:\Users\DELL\AppData\Local\Temp\xcAsltk.\driver_tmp_9.o \
  dist/default/debug\Ejemplo7_OLED.X.debug.o 

Object code version is 3.11

Machine type is 18F57Q43



                Name                               Link     Load   Length Selector   Space Scale
C:\Users\DELL\AppData\Local\Temp\xcAsltk.\driver_tmp_9.o
                config                           300000   300000        A        0       4
                init                              1FFFC    1FFFC        4     FFFE       0
                reset_vec                             0        0        4        0       0
dist/default/debug\Ejemplo7_OLED.X.debug.o
                config                           300000   300000        A        0       4
                mediumconst                        D7C0     D7C0     2840     6BE0       0
                text67                            123AA    123AA       12     8000       0
                text66                            1240E    1240E        C     8000       0
                text65                            12204    12204       2C     8000       0
                text64                            12446    12446        8     8000       0
                text63                            1243E    1243E        8     8000       0
                text62                            12466    12466        6     8000       0
                text61                            12460    12460        6     8000       0
                text60                            120FA    120FA       3A     8000       0
                text59                            12020    12020       58     8000       0
                text58                            11568    11568      10E     8000       0
                text57                            12134    12134       38     8000       0
                text56                            12078    12078       42     8000       0
                text55                            12424    12424        A     8000       0
                text54                            1241A    1241A        A     8000       0
                text53                            12436    12436        8     8000       0
                text52                            121D6    121D6       2E     8000       0
                text51                            12230    12230       28     8000       0
                text50                            1245A    1245A        6     8000       0
                text49                            12470    12470        2     9238       0
                text48                            12382    12382       16     8000       0
                text47                            1236C    1236C       16     8000       0
                text46                            12356    12356       16     8000       0
                text45                            12340    12340       16     8000       0
                text44                            1232A    1232A       16     8000       0
                text43                            122A4    122A4       26     8000       0
                text42                            12454    12454        6     8000       0
                text41                            1242E    1242E        8     8000       0
                text40                            1244E    1244E        6     8000       0
                text39                            1227E    1227E       26     8000       0
                text38                            10CF0    10CF0      210     8000       0
                text37                            11676    11676      10C     8000       0
                text36                            122EC    122EC       22     8000       0
                text35                            11E76    11E76       72     8000       0
                text34                            11D18    11D18       76     8000       0
                text33                            1216C    1216C       36     8000       0
                text32                            10F00    10F00      208     8000       0
                text31                            121A2    121A2       34     8000       0
                text30                            11436    11436      132     8000       0
                text29                            12258    12258       26     8000       0
                text28                            1068A    1068A      232     8000       0
                text27                            11F58    11F58       70     8000       0
                text26                            11E02    11E02       74     8000       0
                text25                            11D8E    11D8E       74     8000       0
                text24                            123BC    123BC       10     8000       0
                text23                            1230E    1230E       1C     8000       0
                text22                            122CA    122CA       22     8000       0
                text21                            11FC8    11FC8       58     8000       0
                text20                            123E8    123E8        E     8000       0
                text19                            123DA    123DA        E     8000       0
                text18                            123CC    123CC        E     8000       0
                text17                            120BA    120BA       40     8000       0
                text16                            1186C    1186C       E0     8000       0
                text15                            12398    12398       12     8000       0
                text14                            12402    12402        C     8000       0
                text13                            10ADE    10ADE      212     8000       0
                text12                            11B1E    11B1E       84     8000       0
                text11                            1194C    1194C       C4     8000       0
                text10                            10000    10000      3AC     8000       0
                text9                             108BC    108BC      222     8000       0
                text8                             11BA2    11BA2       80     8000       0
                text7                             11782    11782       EA     8000       0
                text6                             11C22    11C22       7C     8000       0
                text5                             103AC    103AC      2DE     8000       0
                text4                             112E0    112E0      156     8000       0
                text3                             11A98    11A98       86     8000       0
                text2                             11C9E    11C9E       7A     8000       0
                text1                             11A10    11A10       88     8000       0
                text0                             11108    11108      1D8     8000       0
                cstackCOMRAM                        501      501       48      501       1
                cstackBANK6                         600      600      100      600       1
                bssBIGRAM                           700      700      400      700       1
                dataBANK5                           56C      56C        C      560       1
                bssBANK5                            560      560        C      560       1
                dataCOMRAM                          55D      55D        3      501       1
                bssCOMRAM                           549      549       14      501       1
                cinit                             11EE8    11EE8       70     8000       0
                idataBANK5                        123F6    123F6        C     8000       0
                idataCOMRAM                       1246C    1246C        3     8000       0

TOTAL           Name                               Link     Load   Length     Space
        CLASS   CODE           
                init                              1FFFC    1FFFC        4         0
                reset_vec                             0        0        4         0
                text67                            123AA    123AA       12         0
                text66                            1240E    1240E        C         0
                text65                            12204    12204       2C         0
                text64                            12446    12446        8         0
                text63                            1243E    1243E        8         0
                text62                            12466    12466        6         0
                text61                            12460    12460        6         0
                text60                            120FA    120FA       3A         0
                text59                            12020    12020       58         0
                text58                            11568    11568      10E         0
                text57                            12134    12134       38         0
                text56                            12078    12078       42         0
                text55                            12424    12424        A         0
                text54                            1241A    1241A        A         0
                text53                            12436    12436        8         0
                text52                            121D6    121D6       2E         0
                text51                            12230    12230       28         0
                text50                            1245A    1245A        6         0
                text49                            12470    12470        2         0
                text48                            12382    12382       16         0
                text47                            1236C    1236C       16         0
                text46                            12356    12356       16         0
                text45                            12340    12340       16         0
                text44                            1232A    1232A       16         0
                text43                            122A4    122A4       26         0
                text42                            12454    12454        6         0
                text41                            1242E    1242E        8         0
                text40                            1244E    1244E        6         0
                text39                            1227E    1227E       26         0
                text38                            10CF0    10CF0      210         0
                text37                            11676    11676      10C         0
                text36                            122EC    122EC       22         0
                text35                            11E76    11E76       72         0
                text34                            11D18    11D18       76         0
                text33                            1216C    1216C       36         0
                text32                            10F00    10F00      208         0
                text31                            121A2    121A2       34         0
                text30                            11436    11436      132         0
                text29                            12258    12258       26         0
                text28                            1068A    1068A      232         0
                text27                            11F58    11F58       70         0
                text26                            11E02    11E02       74         0
                text25                            11D8E    11D8E       74         0
                text24                            123BC    123BC       10         0
                text23                            1230E    1230E       1C         0
                text22                            122CA    122CA       22         0
                text21                            11FC8    11FC8       58         0
                text20                            123E8    123E8        E         0
                text19                            123DA    123DA        E         0
                text18                            123CC    123CC        E         0
                text17                            120BA    120BA       40         0
                text16                            1186C    1186C       E0         0
                text15                            12398    12398       12         0
                text14                            12402    12402        C         0
                text13                            10ADE    10ADE      212         0
                text12                            11B1E    11B1E       84         0
                text11                            1194C    1194C       C4         0
                text10                            10000    10000      3AC         0
                text9                             108BC    108BC      222         0
                text8                             11BA2    11BA2       80         0
                text7                             11782    11782       EA         0
                text6                             11C22    11C22       7C         0
                text5                             103AC    103AC      2DE         0
                text4                             112E0    112E0      156         0
                text3                             11A98    11A98       86         0
                text2                             11C9E    11C9E       7A         0
                text1                             11A10    11A10       88         0
                text0                             11108    11108      1D8         0
                cinit                             11EE8    11EE8       70         0
                idataBANK5                        123F6    123F6        C         0
                idataCOMRAM                       1246C    1246C        3         0

        CLASS   CONST          

        CLASS   SMALLCONST     

        CLASS   MEDIUMCONST    
                mediumconst                        D7C0     D7C0     2840         0

        CLASS   COMRAM         
                cstackCOMRAM                        501      501       48         1
                dataCOMRAM                          55D      55D        3         1
                bssCOMRAM                           549      549       14         1

        CLASS   ABS1           

        CLASS   BIGRAM         
                bssBIGRAM                           700      700      400         1

        CLASS   RAM            

        CLASS   BANK5          
                dataBANK5                           56C      56C        C         1
                bssBANK5                            560      560        C         1

        CLASS   BANK6          
                cstackBANK6                         600      600      100         1

        CLASS   BANK7          

        CLASS   BANK8          

        CLASS   BANK9          

        CLASS   BANK10         

        CLASS   BANK11         

        CLASS   BANK12         

        CLASS   BANK13         

        CLASS   BANK14         

        CLASS   BANK15         

        CLASS   BANK16         

        CLASS   BANK17         

        CLASS   BANK18         

        CLASS   BANK19         

        CLASS   BANK20         

        CLASS   BANK21         

        CLASS   BANK22         

        CLASS   BANK23         

        CLASS   BANK24         

        CLASS   BANK25         

        CLASS   BANK26         

        CLASS   BANK27         

        CLASS   BANK28         

        CLASS   BANK29         

        CLASS   BANK30         

        CLASS   BANK31         

        CLASS   BANK32         

        CLASS   BANK33         

        CLASS   BANK34         

        CLASS   BANK35         

        CLASS   BANK36         

        CLASS   SFR            

        CLASS   BIGSFR         

        CLASS   CONFIG         
                config                           300000   300000        A         4

        CLASS   IDLOC          

        CLASS   EEDATA         

        CLASS   FARRAM         

        CLASS   HEAP           

        CLASS   STACK          



SEGMENTS        Name                           Load    Length   Top    Selector   Space  Class

                reset_vec                      000000  000004  000004         0       0  CODE    
                cstackCOMRAM                   000501  00005F  000560       501       1  COMRAM  
                bssBANK5                       000560  000018  000578       560       1  BANK5   
                cstackBANK6                    000600  000100  000700       600       1  BANK6   
                bssBIGRAM                      000700  000400  000B00       700       1  BIGRAM  
                mediumconst                    00D7C0  002840  010000      6BE0       0  MEDIUMCO
                text10                         010000  00246F  01246F      8000       0  CODE    
                text49                         012470  000002  012472      9238       0  CODE    
                init                           01FFFC  000004  020000      FFFE       0  CODE    


UNUSED ADDRESS RANGES

        Name                Unused          Largest block    Delta
        BANK11           000B00-000BFF              100
        BANK12           000C00-000CFF              100
        BANK13           000D00-000DFF              100
        BANK14           000E00-000EFF              100
        BANK15           000F00-000FFF              100
        BANK16           001000-0010FF              100
        BANK17           001100-0011FF              100
        BANK18           001200-0012FF              100
        BANK19           001300-0013FF              100
        BANK20           001400-0014FF              100
        BANK21           001500-0015FF              100
        BANK22           001600-0016FF              100
        BANK23           001700-0017FF              100
        BANK24           001800-0018FF              100
        BANK25           001900-0019FF              100
        BANK26           001A00-001AFF              100
        BANK27           001B00-001BFF              100
        BANK28           001C00-001CFF              100
        BANK29           001D00-001DFF              100
        BANK30           001E00-001EFF              100
        BANK31           001F00-001FFF              100
        BANK32           002000-0020FF              100
        BANK33           002100-0021FF              100
        BANK34           002200-0022FF              100
        BANK35           002300-0023FF              100
        BANK36           002400-0024FF              100
        BANK5            000578-0005FF               88
        BIGRAM           000578-0005FF               88
                         000B00-0024FF             1A00
        BIGSFR           000000-0004FF              500
                         002500-0025FF              100
        CODE             000004-00D7BF             D7BC
                         01246F-01246F                1
                         012472-01FFFB             DB8A
        CONFIG           30000A-300011                8
        CONST            000004-00D7BF             D7BC
                         01246F-01246F                1
                         012472-01FFFB             DB8A
        EEDATA           380000-3803FF              400
        IDLOC            200000-20003F               40
        MEDIUMCONST      002500-00D7BF             B2C0
                         012500-01FFFB             DAFC
        RAM              000578-0005FF               88
                         000B00-0024FF              100
        SFR              000000-0004FF              100
                         002500-0025FF              100
        SMALLCONST       002500-00D7BF              100
                         01246F-01246F                1
                         012472-01FFFB              100

                                  Symbol Table

?___awdiv                                 cstackCOMRAM 000501
?___wmul                                  cstackCOMRAM 000501
I2C1_AddrTransmit@addr                    cstackCOMRAM 000501
I2C1_CallbackRegister@callbackHandler     cstackCOMRAM 000501
I2C1_CounterSet@counter                   cstackCOMRAM 000501
I2C1_DataTransmit@data                    cstackCOMRAM 000501
I2C1_ErrorGet@retErrorState               cstackCOMRAM 000501
I2C1_Write@address                        cstackCOMRAM 000502
I2C1_Write@data                           cstackCOMRAM 000504
I2C1_Write@dataLength                     cstackCOMRAM 000506
I2C1_Write@retStatus                      cstackCOMRAM 000508
I2C_AckPoll@deviceAddress                 cstackCOMRAM 000509
I2C_Write@data                            cstackCOMRAM 000509
I2C_Write@deviceAddress                   cstackCOMRAM 00050D
I2C_Write@writeLength                     cstackCOMRAM 00050B
INT0_SetInterruptHandler@InterruptHandler cstackCOMRAM 000501
INT1_SetInterruptHandler@InterruptHandler cstackCOMRAM 000501
INT2_SetInterruptHandler@InterruptHandler cstackCOMRAM 000501
SSD1306_DrawCircle@c                      cstackCOMRAM 000513
SSD1306_DrawCircle@ddF_x                  cstackCOMRAM 000516
SSD1306_DrawCircle@ddF_y                  cstackCOMRAM 000518
SSD1306_DrawCircle@f                      cstackCOMRAM 00051A
SSD1306_DrawCircle@r                      cstackCOMRAM 000511
SSD1306_DrawCircle@x                      cstackCOMRAM 00051C
SSD1306_DrawCircle@x0                     cstackCOMRAM 00050D
SSD1306_DrawCircle@y                      cstackCOMRAM 00051E
SSD1306_DrawCircle@y0                     cstackCOMRAM 00050F
SSD1306_DrawFilledCircle@c                cstackCOMRAM 000531
SSD1306_DrawFilledCircle@ddF_x            cstackCOMRAM 000534
SSD1306_DrawFilledCircle@ddF_y            cstackCOMRAM 000536
SSD1306_DrawFilledCircle@f                cstackCOMRAM 000538
SSD1306_DrawFilledCircle@r                cstackCOMRAM 00052F
SSD1306_DrawFilledCircle@x                cstackCOMRAM 00053A
SSD1306_DrawFilledCircle@x0               cstackCOMRAM 00052B
SSD1306_DrawFilledCircle@y                cstackCOMRAM 00053C
SSD1306_DrawFilledCircle@y0               cstackCOMRAM 00052D
SSD1306_DrawFilledRectangle@c             cstackCOMRAM 000533
SSD1306_DrawFilledRectangle@h             cstackCOMRAM 000531
SSD1306_DrawFilledRectangle@i             cstackCOMRAM 000536
SSD1306_DrawFilledRectangle@w             cstackCOMRAM 00052F
SSD1306_DrawFilledRectangle@x             cstackCOMRAM 00052B
SSD1306_DrawFilledRectangle@y             cstackCOMRAM 00052D
SSD1306_DrawLine@c                        cstackCOMRAM 000515
SSD1306_DrawLine@dx                       cstackCOMRAM 000527
SSD1306_DrawLine@dy                       cstackCOMRAM 000529
SSD1306_DrawLine@e2                       cstackCOMRAM 000521
SSD1306_DrawLine@err                      cstackCOMRAM 00051F
SSD1306_DrawLine@i                        cstackCOMRAM 000523
SSD1306_DrawLine@sx                       cstackCOMRAM 000519
SSD1306_DrawLine@sy                       cstackCOMRAM 00051B
SSD1306_DrawLine@tmp                      cstackCOMRAM 000525
SSD1306_DrawLine@x0                       cstackCOMRAM 00050D
SSD1306_DrawLine@x1                       cstackCOMRAM 000511
SSD1306_DrawLine@y0                       cstackCOMRAM 00050F
SSD1306_DrawLine@y1                       cstackCOMRAM 000513
SSD1306_DrawPixel@color                   cstackCOMRAM 000505
SSD1306_DrawPixel@x                       cstackCOMRAM 000501
SSD1306_DrawPixel@y                       cstackCOMRAM 000503
SSD1306_DrawRectangle@c                   cstackCOMRAM 000533
SSD1306_DrawRectangle@h                   cstackCOMRAM 000531
SSD1306_DrawRectangle@w                   cstackCOMRAM 00052F
SSD1306_DrawRectangle@x                   cstackCOMRAM 00052B
SSD1306_DrawRectangle@y                   cstackCOMRAM 00052D
SSD1306_DrawTriangle@color                cstackCOMRAM 000537
SSD1306_DrawTriangle@x1                   cstackCOMRAM 00052B
SSD1306_DrawTriangle@x2                   cstackCOMRAM 00052F
SSD1306_DrawTriangle@x3                   cstackCOMRAM 000533
SSD1306_DrawTriangle@y1                   cstackCOMRAM 00052D
SSD1306_DrawTriangle@y2                   cstackCOMRAM 000531
SSD1306_DrawTriangle@y3                   cstackCOMRAM 000535
SSD1306_Fill@color                        cstackCOMRAM 000509
SSD1306_GotoXY@x                          cstackCOMRAM 000501
SSD1306_GotoXY@y                          cstackCOMRAM 000503
SSD1306_Init@p                            cstackCOMRAM 00051A
SSD1306_InvertDisplay@i                   cstackCOMRAM 000513
SSD1306_Putc@Font                         cstackCOMRAM 00050D
SSD1306_Putc@b                            cstackCOMRAM 000517
SSD1306_Putc@ch                           cstackCOMRAM 00051B
SSD1306_Putc@color                        cstackCOMRAM 00050F
SSD1306_Putc@i                            cstackCOMRAM 00051C
SSD1306_Putc@j                            cstackCOMRAM 000520
SSD1306_Puts@Font                         cstackCOMRAM 000526
SSD1306_Puts@color                        cstackCOMRAM 000528
SSD1306_Puts@str                          cstackCOMRAM 000524
SSD1306_ScrollLeft@end_row                cstackCOMRAM 000513
SSD1306_ScrollLeft@start_row              cstackCOMRAM 000514
SSD1306_ScrollRight@end_row               cstackCOMRAM 000513
SSD1306_ScrollRight@start_row             cstackCOMRAM 000514
SSD1306_UpdateScreen@m                    cstackCOMRAM 000519
TestCircles@color                         cstackCOMRAM 000520
TestCircles@h                             cstackCOMRAM 000524
TestCircles@r2                            cstackCOMRAM 000525
TestCircles@radius                        cstackCOMRAM 000528
TestCircles@w                             cstackCOMRAM 000523
TestCircles@x                             cstackCOMRAM 000526
TestCircles@y                             cstackCOMRAM 000527
TestFilledCircles@color                   cstackCOMRAM 00053E
TestFilledCircles@h                       cstackCOMRAM 000542
TestFilledCircles@r2                      cstackCOMRAM 000543
TestFilledCircles@radius                  cstackCOMRAM 000546
TestFilledCircles@w                       cstackCOMRAM 000541
TestFilledCircles@x                       cstackCOMRAM 000544
TestFilledCircles@y                       cstackCOMRAM 000545
TestFilledRectangles@color                cstackCOMRAM 000538
TestFilledRectangles@cx                   cstackCOMRAM 000539
TestFilledRectangles@cy                   cstackCOMRAM 00053A
TestFilledRectangles@i                    cstackCOMRAM 00053C
TestFilledRectangles@i2                   cstackCOMRAM 00053B
TestLines@color                           cstackCOMRAM 00052C
TestLines@x1                              cstackCOMRAM 00052D
TestLines@x2                              cstackCOMRAM 00052F
TestLines@y1                              cstackCOMRAM 00052E
TestLines@y2                              cstackCOMRAM 000530
TestRectangles@color                      cstackCOMRAM 000537
TestRectangles@i                          cstackCOMRAM 00053A
TestRectangles@i2                         cstackCOMRAM 000539
TestRectangles@n                          cstackCOMRAM 000538
TestTriangles@color                       cstackCOMRAM 000539
TestTriangles@cx                          cstackCOMRAM 00053B
TestTriangles@cy                          cstackCOMRAM 00053C
TestTriangles@i                           cstackCOMRAM 00053D
TestTriangles@n                           cstackCOMRAM 00053A
_ACTCON                                   (abs)        0000AC
_ANSELA                                   (abs)        000400
_ANSELB                                   (abs)        000408
_ANSELC                                   (abs)        000410
_ANSELD                                   (abs)        000418
_ANSELE                                   (abs)        000420
_ANSELF                                   (abs)        000428
_CLOCK_Initialize                         text23       01230E
_Font11x18                                mediumconst  00EB0D
_Font16x26                                mediumconst  00D7C1
_Font7x10                                 mediumconst  00F869
_Font_11x18                               dataBANK5    000574
_Font_16x26                               dataBANK5    00056C
_Font_7x10                                dataBANK5    000570
_I2C1ADB1                                 (abs)        00028F
_I2C1CLK                                  (abs)        00029C
_I2C1CNT                                  (abs)        00028D
_I2C1CON0                                 (abs)        000294
_I2C1CON0bits                             (abs)        000294
_I2C1CON1                                 (abs)        000295
_I2C1CON1bits                             (abs)        000295
_I2C1CON2                                 (abs)        000296
_I2C1ERR                                  (abs)        000297
_I2C1ERRbits                              (abs)        000297
_I2C1PIE                                  (abs)        00029B
_I2C1PIR                                  (abs)        00029A
_I2C1PIRbits                              (abs)        00029A
_I2C1RXB                                  (abs)        00028B
_I2C1SCLPPS                               (abs)        000271
_I2C1SDAPPS                               (abs)        000270
_I2C1STAT0bits                            (abs)        000298
_I2C1STAT1                                (abs)        000299
_I2C1STAT1bits                            (abs)        000299
_I2C1TXB                                  (abs)        00028C
_I2C1_AddrTransmit                        text64       012446
_I2C1_BufferClear                         text55       012424
_I2C1_BusReset                            text52       0121D6
_I2C1_Callback                            bssBANK5     000569
_I2C1_CallbackRegister                    text22       0122CA
_I2C1_Close                               text51       012230
_I2C1_CounterGet                          text42       012454
_I2C1_CounterSet                          text63       01243E
_I2C1_DataReceive                         text50       01245A
_I2C1_DataTransmit                        text41       01242E
_I2C1_DefaultCallback                     text49       012470
_I2C1_Deinitialize                        (abs)        000000
_I2C1_ErrorFlagsClear                     text54       01241A
_I2C1_ErrorGet                            text66       01240E
_I2C1_Host                                mediumconst  00FFD5
_I2C1_Initialize                          text21       011FC8
_I2C1_InterruptsClear                     text53       012436
_I2C1_IsAddr                              text48       012382
_I2C1_IsBusCol                            text47       01236C
_I2C1_IsBusTimeOut                        text46       012356
_I2C1_IsBusy                              text65       012204
_I2C1_IsBusy$555                          cstackCOMRAM 000501
_I2C1_IsData                              text45       012340
_I2C1_IsNack                              text44       01232A
_I2C1_Read                                (abs)        000000
_I2C1_ReadStart                           text43       0122A4
_I2C1_RestartDisable                      text40       01244E
_I2C1_RestartEnable                       text62       012466
_I2C1_StartSend                           text61       012460
_I2C1_StopSend                            text39       01227E
_I2C1_Tasks                               text38       010CF0
_I2C1_Write                               text59       012020
_I2C1_WriteRead                           (abs)        000000
_I2C1_WriteStart                          text60       0120FA
_I2C_AckPoll                              text58       011568
_I2C_Write                                text37       011676
_I2C_get_error                            bssCOMRAM    00055C
_I2C_status                               dataCOMRAM   00055F
_INLVLA                                   (abs)        000404
_INLVLB                                   (abs)        00040C
_INLVLC                                   (abs)        000414
_INLVLD                                   (abs)        00041C
_INLVLE                                   (abs)        000424
_INLVLF                                   (abs)        00042C
_INT0_DefaultInterruptHandler             (abs)        000000
_INT0_InterruptHandler                    bssBANK5     000566
_INT0_SetInterruptHandler                 text20       0123E8
_INT1_DefaultInterruptHandler             (abs)        000000
_INT1_InterruptHandler                    bssBANK5     000563
_INT1_SetInterruptHandler                 text19       0123DA
_INT2_DefaultInterruptHandler             (abs)        000000
_INT2_InterruptHandler                    bssBANK5     000560
_INT2_SetInterruptHandler                 text18       0123CC
_INTCON0bits                              (abs)        0004D6
_INTERRUPT_Initialize                     text17       0120BA
_IOCAF                                    (abs)        000407
_IOCAN                                    (abs)        000406
_IOCAP                                    (abs)        000405
_IOCBF                                    (abs)        00040F
_IOCBN                                    (abs)        00040E
_IOCBP                                    (abs)        00040D
_IOCCF                                    (abs)        000417
_IOCCN                                    (abs)        000416
_IOCCP                                    (abs)        000415
_IOCEF                                    (abs)        000427
_IOCEN                                    (abs)        000426
_IOCEP                                    (abs)        000425
_LATA                                     (abs)        0004BE
_LATB                                     (abs)        0004BF
_LATC                                     (abs)        0004C0
_LATD                                     (abs)        0004C1
_LATE                                     (abs)        0004C2
_LATF                                     (abs)        0004C3
_ODCONA                                   (abs)        000402
_ODCONB                                   (abs)        00040A
_ODCONC                                   (abs)        000412
_ODCOND                                   (abs)        00041A
_ODCONE                                   (abs)        000422
_ODCONF                                   (abs)        00042A
_OSCCON1                                  (abs)        0000AD
_OSCCON3                                  (abs)        0000AF
_OSCEN                                    (abs)        0000B3
_OSCFRQ                                   (abs)        0000B1
_OSCTUNE                                  (abs)        0000B0
_PIN_MANAGER_Initialize                   text16       01186C
_PIR10bits                                (abs)        0004B8
_PIR1bits                                 (abs)        0004AF
_PIR6bits                                 (abs)        0004B4
_PIR7bits                                 (abs)        0004B5
_RB1I2C                                   (abs)        000289
_RB2I2C                                   (abs)        000288
_RC3I2C                                   (abs)        000287
_RC3PPS                                   (abs)        000214
_RC4I2C                                   (abs)        000286
_RC4PPS                                   (abs)        000215
_SLRCONA                                  (abs)        000403
_SLRCONB                                  (abs)        00040B
_SLRCONC                                  (abs)        000413
_SLRCOND                                  (abs)        00041B
_SLRCONE                                  (abs)        000423
_SLRCONF                                  (abs)        00042B
_SSD1306                                  bssCOMRAM    000556
_SSD1306_Buffer                           bssBIGRAM    000700
_SSD1306_Clear                            text14       012402
_SSD1306_DrawCircle                       text13       010ADE
_SSD1306_DrawFilledCircle                 text9        0108BC
_SSD1306_DrawFilledRectangle              text7        011782
_SSD1306_DrawLine                         text10       010000
_SSD1306_DrawLine$1255                    cstackCOMRAM 00051D
_SSD1306_DrawPixel                        text30       011436
_SSD1306_DrawRectangle                    text4        0112E0
_SSD1306_DrawTriangle                     text2        011C9E
_SSD1306_Fill                             text56       012078
_SSD1306_Fill$1218                        cstackCOMRAM 00050A
_SSD1306_GotoXY                           text67       0123AA
_SSD1306_Init                             text32       010F00
_SSD1306_InvertDisplay                    text31       0121A2
_SSD1306_Putc                             text28       01068A
_SSD1306_Puts                             text27       011F58
_SSD1306_ScrollLeft                       text26       011E02
_SSD1306_ScrollRight                      text25       011D8E
_SSD1306_Stopscroll                       text24       0123BC
_SSD1306_UpdateScreen                     text34       011D18
_SYSTEM_Initialize                        text15       012398
_TRISA                                    (abs)        0004C6
_TRISB                                    (abs)        0004C7
_TRISC                                    (abs)        0004C8
_TRISD                                    (abs)        0004C9
_TRISE                                    (abs)        0004CA
_TRISF                                    (abs)        0004CB
_TestCircles                              text12       011B1E
_TestFilledCircles                        text8        011BA2
_TestFilledRectangles                     text6        011C22
_TestLines                                text5        0103AC
_TestRectangles                           text3        011A98
_TestTriangles                            text1        011A10
_WPUA                                     (abs)        000401
_WPUB                                     (abs)        000409
_WPUC                                     (abs)        000411
_WPUD                                     (abs)        000419
_WPUE                                     (abs)        000421
_WPUF                                     (abs)        000429
__HRAM                                    (abs)        000000
__H__absolute__                           __absolute__ 000000
__Habs1                                   abs1         000000
__Hbank10                                 bank10       000000
__Hbank11                                 bank11       000000
__Hbank12                                 bank12       000000
__Hbank13                                 bank13       000000
__Hbank14                                 bank14       000000
__Hbank15                                 bank15       000000
__Hbank16                                 bank16       000000
__Hbank17                                 bank17       000000
__Hbank18                                 bank18       000000
__Hbank19                                 bank19       000000
__Hbank20                                 bank20       000000
__Hbank21                                 bank21       000000
__Hbank22                                 bank22       000000
__Hbank23                                 bank23       000000
__Hbank24                                 bank24       000000
__Hbank25                                 bank25       000000
__Hbank26                                 bank26       000000
__Hbank27                                 bank27       000000
__Hbank28                                 bank28       000000
__Hbank29                                 bank29       000000
__Hbank30                                 bank30       000000
__Hbank31                                 bank31       000000
__Hbank32                                 bank32       000000
__Hbank33                                 bank33       000000
__Hbank34                                 bank34       000000
__Hbank35                                 bank35       000000
__Hbank36                                 bank36       000000
__Hbank5                                  bank5        000000
__Hbank6                                  bank6        000000
__Hbank7                                  bank7        000000
__Hbank8                                  bank8        000000
__Hbank9                                  bank9        000000
__Hbigbss                                 bigbss       000000
__Hbigdata                                bigdata      000000
__Hbigram                                 bigram       000000
__Hbigsfr                                 bigsfr       000000
__Hbss                                    bss          000000
__HbssBANK5                               bssBANK5     000000
__HbssBIGRAM                              bssBIGRAM    000000
__HbssCOMRAM                              bssCOMRAM    000000
__Hcinit                                  cinit        000000
__Hclrtext                                clrtext      000000
__Hcomram                                 comram       000000
__Hconfig                                 config       30000A
__Hconst                                  const        000000
__HcstackBANK6                            cstackBANK6  000000
__HcstackCOMRAM                           cstackCOMRAM 000000
__Hdata                                   data         000000
__HdataBANK5                              dataBANK5    000000
__HdataCOMRAM                             dataCOMRAM   000000
__Heeprom_data                            eeprom_data  000000
__Hfarbss                                 farbss       000000
__Hfardata                                fardata      000000
__Hheap                                   heap         000000
__Hibigdata                               ibigdata     000000
__Hidata                                  idata        000000
__HidataBANK5                             idataBANK5   000000
__HidataCOMRAM                            idataCOMRAM  000000
__Hidloc                                  idloc        000000
__Hifardata                               ifardata     000000
__Hinit                                   init         020000
__Hintsave_regs                           intsave_regs 000000
__Hirdata                                 irdata       000000
__Hmediumconst                            mediumconst  010000
__HnvFARRAM                               nvFARRAM     000000
__Hnvbit                                  nvbit        000000
__Hnvrram                                 nvrram       000000
__Hparam                                  rparam       000000
__Hpowerup                                powerup      000000
__Hram                                    ram          000000
__Hramtop                                 ramtop       002500
__Hrbit                                   rbit         000000
__Hrbss                                   rbss         000000
__Hrdata                                  rdata        000000
__Hreset_vec                              reset_vec    000004
__Hrparam                                 rparam       000000
__Hsfr                                    sfr          000000
__Hsmallconst                             smallconst   000000
__Hspace_0                                (abs)        020000
__Hspace_1                                (abs)        000B00
__Hspace_2                                (abs)        000000
__Hspace_4                                (abs)        60000A
__Hstack                                  stack        000000
__Hstruct                                 struct       000000
__Htemp                                   temp         000000
__Htext                                   text         000000
__Htext0                                  text0        000000
__Htext1                                  text1        000000
__Htext10                                 text10       000000
__Htext11                                 text11       000000
__Htext12                                 text12       000000
__Htext13                                 text13       000000
__Htext14                                 text14       000000
__Htext15                                 text15       000000
__Htext16                                 text16       000000
__Htext17                                 text17       000000
__Htext18                                 text18       000000
__Htext19                                 text19       000000
__Htext2                                  text2        000000
__Htext20                                 text20       000000
__Htext21                                 text21       000000
__Htext22                                 text22       000000
__Htext23                                 text23       000000
__Htext24                                 text24       000000
__Htext25                                 text25       000000
__Htext26                                 text26       000000
__Htext27                                 text27       000000
__Htext28                                 text28       000000
__Htext29                                 text29       000000
__Htext3                                  text3        000000
__Htext30                                 text30       000000
__Htext31                                 text31       000000
__Htext32                                 text32       000000
__Htext33                                 text33       000000
__Htext34                                 text34       000000
__Htext35                                 text35       000000
__Htext36                                 text36       000000
__Htext37                                 text37       000000
__Htext38                                 text38       000000
__Htext39                                 text39       000000
__Htext4                                  text4        000000
__Htext40                                 text40       000000
__Htext41                                 text41       000000
__Htext42                                 text42       000000
__Htext43                                 text43       000000
__Htext44                                 text44       000000
__Htext45                                 text45       000000
__Htext46                                 text46       000000
__Htext47                                 text47       000000
__Htext48                                 text48       000000
__Htext49                                 text49       000000
__Htext5                                  text5        000000
__Htext50                                 text50       000000
__Htext51                                 text51       000000
__Htext52                                 text52       000000
__Htext53                                 text53       000000
__Htext54                                 text54       000000
__Htext55                                 text55       000000
__Htext56                                 text56       000000
__Htext57                                 text57       000000
__Htext58                                 text58       000000
__Htext59                                 text59       000000
__Htext6                                  text6        000000
__Htext60                                 text60       000000
__Htext61                                 text61       000000
__Htext62                                 text62       000000
__Htext63                                 text63       000000
__Htext64                                 text64       000000
__Htext65                                 text65       000000
__Htext66                                 text66       000000
__Htext67                                 text67       000000
__Htext7                                  text7        000000
__Htext8                                  text8        000000
__Htext9                                  text9        000000
__LRAM                                    (abs)        000001
__L__absolute__                           __absolute__ 000000
__Labs1                                   abs1         000000
__Lbank10                                 bank10       000000
__Lbank11                                 bank11       000000
__Lbank12                                 bank12       000000
__Lbank13                                 bank13       000000
__Lbank14                                 bank14       000000
__Lbank15                                 bank15       000000
__Lbank16                                 bank16       000000
__Lbank17                                 bank17       000000
__Lbank18                                 bank18       000000
__Lbank19                                 bank19       000000
__Lbank20                                 bank20       000000
__Lbank21                                 bank21       000000
__Lbank22                                 bank22       000000
__Lbank23                                 bank23       000000
__Lbank24                                 bank24       000000
__Lbank25                                 bank25       000000
__Lbank26                                 bank26       000000
__Lbank27                                 bank27       000000
__Lbank28                                 bank28       000000
__Lbank29                                 bank29       000000
__Lbank30                                 bank30       000000
__Lbank31                                 bank31       000000
__Lbank32                                 bank32       000000
__Lbank33                                 bank33       000000
__Lbank34                                 bank34       000000
__Lbank35                                 bank35       000000
__Lbank36                                 bank36       000000
__Lbank5                                  bank5        000000
__Lbank6                                  bank6        000000
__Lbank7                                  bank7        000000
__Lbank8                                  bank8        000000
__Lbank9                                  bank9        000000
__Lbigbss                                 bigbss       000000
__Lbigdata                                bigdata      000000
__Lbigram                                 bigram       000000
__Lbigsfr                                 bigsfr       000000
__Lbss                                    bss          000000
__LbssBANK5                               bssBANK5     000000
__LbssBIGRAM                              bssBIGRAM    000000
__LbssCOMRAM                              bssCOMRAM    000000
__Lcinit                                  cinit        000000
__Lclrtext                                clrtext      000000
__Lcomram                                 comram       000000
__Lconfig                                 config       000000
__Lconst                                  const        000000
__LcstackBANK6                            cstackBANK6  000000
__LcstackCOMRAM                           cstackCOMRAM 000000
__Ldata                                   data         000000
__LdataBANK5                              dataBANK5    000000
__LdataCOMRAM                             dataCOMRAM   000000
__Leeprom_data                            eeprom_data  000000
__Lfarbss                                 farbss       000000
__Lfardata                                fardata      000000
__Lheap                                   heap         000000
__Libigdata                               ibigdata     000000
__Lidata                                  idata        000000
__LidataBANK5                             idataBANK5   000000
__LidataCOMRAM                            idataCOMRAM  000000
__Lidloc                                  idloc        000000
__Lifardata                               ifardata     000000
__Linit                                   init         01FFFC
__Lintsave_regs                           intsave_regs 000000
__Lirdata                                 irdata       000000
__Lmediumconst                            mediumconst  00D7C0
__LnvFARRAM                               nvFARRAM     000000
__Lnvbit                                  nvbit        000000
__Lnvrram                                 nvrram       000000
__Lparam                                  rparam       000000
__Lpowerup                                powerup      000000
__Lram                                    ram          000000
__Lramtop                                 ramtop       002500
__Lrbit                                   rbit         000000
__Lrbss                                   rbss         000000
__Lrdata                                  rdata        000000
__Lreset_vec                              reset_vec    000000
__Lrparam                                 rparam       000000
__Lsfr                                    sfr          000000
__Lsmallconst                             smallconst   000000
__Lspace_0                                (abs)        000000
__Lspace_1                                (abs)        000000
__Lspace_2                                (abs)        000000
__Lspace_4                                (abs)        000000
__Lstack                                  stack        000000
__Lstruct                                 struct       000000
__Ltemp                                   temp         000000
__Ltext                                   text         000000
__Ltext0                                  text0        000000
__Ltext1                                  text1        000000
__Ltext10                                 text10       000000
__Ltext11                                 text11       000000
__Ltext12                                 text12       000000
__Ltext13                                 text13       000000
__Ltext14                                 text14       000000
__Ltext15                                 text15       000000
__Ltext16                                 text16       000000
__Ltext17                                 text17       000000
__Ltext18                                 text18       000000
__Ltext19                                 text19       000000
__Ltext2                                  text2        000000
__Ltext20                                 text20       000000
__Ltext21                                 text21       000000
__Ltext22                                 text22       000000
__Ltext23                                 text23       000000
__Ltext24                                 text24       000000
__Ltext25                                 text25       000000
__Ltext26                                 text26       000000
__Ltext27                                 text27       000000
__Ltext28                                 text28       000000
__Ltext29                                 text29       000000
__Ltext3                                  text3        000000
__Ltext30                                 text30       000000
__Ltext31                                 text31       000000
__Ltext32                                 text32       000000
__Ltext33                                 text33       000000
__Ltext34                                 text34       000000
__Ltext35                                 text35       000000
__Ltext36                                 text36       000000
__Ltext37                                 text37       000000
__Ltext38                                 text38       000000
__Ltext39                                 text39       000000
__Ltext4                                  text4        000000
__Ltext40                                 text40       000000
__Ltext41                                 text41       000000
__Ltext42                                 text42       000000
__Ltext43                                 text43       000000
__Ltext44                                 text44       000000
__Ltext45                                 text45       000000
__Ltext46                                 text46       000000
__Ltext47                                 text47       000000
__Ltext48                                 text48       000000
__Ltext49                                 text49       000000
__Ltext5                                  text5        000000
__Ltext50                                 text50       000000
__Ltext51                                 text51       000000
__Ltext52                                 text52       000000
__Ltext53                                 text53       000000
__Ltext54                                 text54       000000
__Ltext55                                 text55       000000
__Ltext56                                 text56       000000
__Ltext57                                 text57       000000
__Ltext58                                 text58       000000
__Ltext59                                 text59       000000
__Ltext6                                  text6        000000
__Ltext60                                 text60       000000
__Ltext61                                 text61       000000
__Ltext62                                 text62       000000
__Ltext63                                 text63       000000
__Ltext64                                 text64       000000
__Ltext65                                 text65       000000
__Ltext66                                 text66       000000
__Ltext67                                 text67       000000
__Ltext7                                  text7        000000
__Ltext8                                  text8        000000
__Ltext9                                  text9        000000
__S0                                      (abs)        020000
__S1                                      (abs)        000B00
__S4                                      (abs)        000000
__S5                                      (abs)        000000
___awdiv                                  text11       01194C
___awdiv@counter                          cstackCOMRAM 000505
___awdiv@dividend                         cstackCOMRAM 000501
___awdiv@divisor                          cstackCOMRAM 000503
___awdiv@quotient                         cstackCOMRAM 000507
___awdiv@sign                             cstackCOMRAM 000506
___heap_hi                                (abs)        000000
___heap_lo                                (abs)        000000
___inthi_sp                               stack        000000
___inthi_stack_hi                         stack        000000
___inthi_stack_lo                         stack        000000
___intlo_sp                               stack        000000
___intlo_stack_hi                         stack        000000
___intlo_stack_lo                         stack        000000
___param_bank                             (abs)        000000
___rparam_used                            (abs)        000001
___sp                                     stack        000000
___stack_hi                               stack        000000
___stack_lo                               stack        000000
___wmul                                   text29       012258
___wmul@multiplicand                      cstackCOMRAM 000503
___wmul@multiplier                        cstackCOMRAM 000501
___wmul@product                           cstackCOMRAM 000505
__accesstop                               (abs)        000560
__activetblptr                            (abs)        000003
__end_of_CLOCK_Initialize                 text23       01232A
__end_of_Font11x18                        mediumconst  00F869
__end_of_Font16x26                        mediumconst  00EB0D
__end_of_Font7x10                         mediumconst  00FFD5
__end_of_I2C1_AddrTransmit                text64       01244E
__end_of_I2C1_BufferClear                 text55       01242E
__end_of_I2C1_BusReset                    text52       012204
__end_of_I2C1_CallbackRegister            text22       0122EC
__end_of_I2C1_Close                       text51       012258
__end_of_I2C1_CounterGet                  text42       01245A
__end_of_I2C1_CounterSet                  text63       012446
__end_of_I2C1_DataReceive                 text50       012460
__end_of_I2C1_DataTransmit                text41       012436
__end_of_I2C1_DefaultCallback             text49       012472
__end_of_I2C1_ErrorFlagsClear             text54       012424
__end_of_I2C1_ErrorGet                    text66       01241A
__end_of_I2C1_Host                        mediumconst  00FFF3
__end_of_I2C1_Initialize                  text21       012020
__end_of_I2C1_InterruptsClear             text53       01243E
__end_of_I2C1_IsAddr                      text48       012398
__end_of_I2C1_IsBusCol                    text47       012382
__end_of_I2C1_IsBusTimeOut                text46       01236C
__end_of_I2C1_IsBusy                      text65       012230
__end_of_I2C1_IsData                      text45       012356
__end_of_I2C1_IsNack                      text44       012340
__end_of_I2C1_ReadStart                   text43       0122CA
__end_of_I2C1_RestartDisable              text40       012454
__end_of_I2C1_RestartEnable               text62       01246C
__end_of_I2C1_StartSend                   text61       012466
__end_of_I2C1_StopSend                    text39       0122A4
__end_of_I2C1_Tasks                       text38       010F00
__end_of_I2C1_Write                       text59       012078
__end_of_I2C1_WriteStart                  text60       012134
__end_of_I2C_AckPoll                      text58       011676
__end_of_I2C_Write                        text37       011782
__end_of_INT0_SetInterruptHandler         text20       0123F6
__end_of_INT1_SetInterruptHandler         text19       0123E8
__end_of_INT2_SetInterruptHandler         text18       0123DA
__end_of_INTERRUPT_Initialize             text17       0120FA
__end_of_PIN_MANAGER_Initialize           text16       01194C
__end_of_SSD1306_Clear                    text14       01240E
__end_of_SSD1306_DrawCircle               text13       010CF0
__end_of_SSD1306_DrawFilledCircle         text9        010ADE
__end_of_SSD1306_DrawFilledRectangle      text7        01186C
__end_of_SSD1306_DrawLine                 text10       0103AC
__end_of_SSD1306_DrawPixel                text30       011568
__end_of_SSD1306_DrawRectangle            text4        011436
__end_of_SSD1306_DrawTriangle             text2        011D18
__end_of_SSD1306_Fill                     text56       0120BA
__end_of_SSD1306_GotoXY                   text67       0123BC
__end_of_SSD1306_Init                     text32       011108
__end_of_SSD1306_InvertDisplay            text31       0121D6
__end_of_SSD1306_Putc                     text28       0108BC
__end_of_SSD1306_Puts                     text27       011FC8
__end_of_SSD1306_ScrollLeft               text26       011E76
__end_of_SSD1306_ScrollRight              text25       011E02
__end_of_SSD1306_Stopscroll               text24       0123CC
__end_of_SSD1306_UpdateScreen             text34       011D8E
__end_of_SYSTEM_Initialize                text15       0123AA
__end_of_TestCircles                      text12       011BA2
__end_of_TestFilledCircles                text8        011C22
__end_of_TestFilledRectangles             text6        011C9E
__end_of_TestLines                        text5        01068A
__end_of_TestRectangles                   text3        011B1E
__end_of_TestTriangles                    text1        011A98
__end_of___awdiv                          text11       011A10
__end_of___wmul                           text29       01227E
__end_of__initialization                  cinit        011F52
__end_of_main                             text0        0112E0
__end_of_memset                           text57       01216C
__end_of_ssd1306_I2C_Init                 text33       0121A2
__end_of_ssd1306_I2C_Write                text36       01230E
__end_of_ssd1306_I2C_WriteMulti           text35       011EE8
__initialization                          cinit        011EE8
__mediumconst                             mediumconst  00D7C0
__pbssBANK5                               bssBANK5     000560
__pbssBIGRAM                              bssBIGRAM    000700
__pbssCOMRAM                              bssCOMRAM    000549
__pcinit                                  cinit        011EE8
__pcstackBANK6                            cstackBANK6  000600
__pcstackCOMRAM                           cstackCOMRAM 000501
__pdataBANK5                              dataBANK5    00056C
__pdataCOMRAM                             dataCOMRAM   00055D
__pidataBANK5                             idataBANK5   0123F6
__pidataCOMRAM                            idataCOMRAM  01246C
__pmediumconst                            mediumconst  00D7C0
__ptext0                                  text0        011108
__ptext1                                  text1        011A10
__ptext10                                 text10       010000
__ptext11                                 text11       01194C
__ptext12                                 text12       011B1E
__ptext13                                 text13       010ADE
__ptext14                                 text14       012402
__ptext15                                 text15       012398
__ptext16                                 text16       01186C
__ptext17                                 text17       0120BA
__ptext18                                 text18       0123CC
__ptext19                                 text19       0123DA
__ptext2                                  text2        011C9E
__ptext20                                 text20       0123E8
__ptext21                                 text21       011FC8
__ptext22                                 text22       0122CA
__ptext23                                 text23       01230E
__ptext24                                 text24       0123BC
__ptext25                                 text25       011D8E
__ptext26                                 text26       011E02
__ptext27                                 text27       011F58
__ptext28                                 text28       01068A
__ptext29                                 text29       012258
__ptext3                                  text3        011A98
__ptext30                                 text30       011436
__ptext31                                 text31       0121A2
__ptext32                                 text32       010F00
__ptext33                                 text33       01216C
__ptext34                                 text34       011D18
__ptext35                                 text35       011E76
__ptext36                                 text36       0122EC
__ptext37                                 text37       011676
__ptext38                                 text38       010CF0
__ptext39                                 text39       01227E
__ptext4                                  text4        0112E0
__ptext40                                 text40       01244E
__ptext41                                 text41       01242E
__ptext42                                 text42       012454
__ptext43                                 text43       0122A4
__ptext44                                 text44       01232A
__ptext45                                 text45       012340
__ptext46                                 text46       012356
__ptext47                                 text47       01236C
__ptext48                                 text48       012382
__ptext49                                 text49       012470
__ptext5                                  text5        0103AC
__ptext50                                 text50       01245A
__ptext51                                 text51       012230
__ptext52                                 text52       0121D6
__ptext53                                 text53       012436
__ptext54                                 text54       01241A
__ptext55                                 text55       012424
__ptext56                                 text56       012078
__ptext57                                 text57       012134
__ptext58                                 text58       011568
__ptext59                                 text59       012020
__ptext6                                  text6        011C22
__ptext60                                 text60       0120FA
__ptext61                                 text61       012460
__ptext62                                 text62       012466
__ptext63                                 text63       01243E
__ptext64                                 text64       012446
__ptext65                                 text65       012204
__ptext66                                 text66       01240E
__ptext67                                 text67       0123AA
__ptext7                                  text7        011782
__ptext8                                  text8        011BA2
__ptext9                                  text9        0108BC
__ramtop                                  ramtop       002500
__smallconst                              smallconst   000000
_i2c1Status                               bssCOMRAM    000549
_main                                     text0        011108
_memset                                   text57       012134
_ssd1306_I2C_Init                         text33       01216C
_ssd1306_I2C_Write                        text36       0122EC
_ssd1306_I2C_WriteMulti                   text35       011E76
end_of_initialization                     cinit        011F52
intlevel0                                 text         000000
intlevel1                                 text         000000
intlevel2                                 text         000000
intlevel3                                 text         000000
isa$std                                   (abs)        000001
isa$xinst                                 (abs)        000000
memset@c                                  cstackCOMRAM 000503
memset@dest                               cstackCOMRAM 000501
memset@n                                  cstackCOMRAM 000505
memset@p                                  cstackCOMRAM 000507
ssd1306_I2C_Init@p                        cstackCOMRAM 000501
ssd1306_I2C_Write@address                 cstackCOMRAM 000510
ssd1306_I2C_Write@data                    cstackCOMRAM 00050F
ssd1306_I2C_Write@dt                      cstackCOMRAM 000511
ssd1306_I2C_Write@reg                     cstackCOMRAM 00050E
ssd1306_I2C_WriteMulti@address            cstackCOMRAM 000515
ssd1306_I2C_WriteMulti@count              cstackCOMRAM 000511
ssd1306_I2C_WriteMulti@data               cstackCOMRAM 00050F
ssd1306_I2C_WriteMulti@dt                 cstackBANK6  000600
ssd1306_I2C_WriteMulti@i                  cstackCOMRAM 000516
ssd1306_I2C_WriteMulti@reg                cstackCOMRAM 00050E
stackhi                                   (abs)        000000
stacklo                                   (abs)        000000
start                                     init         01FFFC
start_initialization                      cinit        011EE8


MODULE INFORMATION

Module		Function		Class		Link	Load	Size
test.c
		_TestTriangles 		CODE           	11A10	0000	136
		_TestCircles   		CODE           	11B1E	0000	132
		_TestRectangles		CODE           	11A98	0000	134
		_TestFilledRectangles		CODE           	11C22	0000	124
		_TestFilledCircles		CODE           	11BA2	0000	128
		_TestLines     		CODE           	103AC	0000	734

test.c estimated size: 1388

I2C.C
		_I2C_Write     		CODE           	11676	0000	268
		_I2C_AckPoll   		CODE           	11568	0000	270

I2C.C estimated size: 538

C:\Program Files\Microchip\xc8\v2.46\pic\sources\c99\common\awdiv.c
		___awdiv       		CODE           	1194C	0000	196

C:\Program Files\Microchip\xc8\v2.46\pic\sources\c99\common\awdiv.c estimated size: 196

mcc_generated_files/system/src/interrupt.c
		_INT0_SetInterruptHandler		CODE           	123E8	0000	14
		_INT1_SetInterruptHandler		CODE           	123DA	0000	14
		_INT2_SetInterruptHandler		CODE           	123CC	0000	14
		_INTERRUPT_Initialize		CODE           	120BA	0000	64

mcc_generated_files/system/src/interrupt.c estimated size: 106

ssd1306.c
		_ssd1306_I2C_WriteMulti		CODE           	11E76	0000	114
		_SSD1306_DrawTriangle		CODE           	11C9E	0000	122
		_SSD1306_Putc  		CODE           	1068A	0000	562
		_SSD1306_Fill  		CODE           	12078	0000	66
		_SSD1306_Init  		CODE           	10F00	0000	520
		_SSD1306_Puts  		CODE           	11F58	0000	112
		_SSD1306_DrawLine		CODE           	10000	0000	940
		_SSD1306_Clear 		CODE           	12402	0000	12
		_SSD1306_UpdateScreen		CODE           	11D18	0000	118
		_SSD1306_DrawFilledCircle		CODE           	108BC	0000	546
		_SSD1306_GotoXY		CODE           	123AA	0000	18
		_SSD1306_DrawFilledRectangle		CODE           	11782	0000	234
		_SSD1306_DrawPixel		CODE           	11436	0000	306
		_SSD1306_ScrollRight		CODE           	11D8E	0000	116
		_SSD1306_DrawCircle		CODE           	10ADE	0000	530
		_SSD1306_InvertDisplay		CODE           	121A2	0000	52
		_ssd1306_I2C_Init		CODE           	1216C	0000	54
		_SSD1306_ScrollLeft		CODE           	11E02	0000	116
		_SSD1306_DrawRectangle		CODE           	112E0	0000	342
		_ssd1306_I2C_Write		CODE           	122EC	0000	34
		_SSD1306_Stopscroll		CODE           	123BC	0000	16

ssd1306.c estimated size: 4930

C:\Program Files\Microchip\xc8\v2.46\pic\sources\c99\common\memset.c
		_memset        		CODE           	12134	0000	56

C:\Program Files\Microchip\xc8\v2.46\pic\sources\c99\common\memset.c estimated size: 56

mcc_generated_files/i2c_host/src/i2c1.c
		_I2C1_Tasks    		CODE           	10CF0	0000	528
		_I2C1_CallbackRegister		CODE           	122CA	0000	34
		_I2C1_WriteStart		CODE           	120FA	0000	58
		_I2C1_CounterGet		CODE           	12454	0000	6
		_I2C1_CounterSet		CODE           	1243E	0000	8
		_I2C1_ReadStart		CODE           	122A4	0000	38
		_I2C1_InterruptsClear		CODE           	12436	0000	8
		_I2C1_RestartEnable		CODE           	12466	0000	6
		_I2C1_DataReceive		CODE           	1245A	0000	6
		_I2C1_IsData   		CODE           	12340	0000	22
		_I2C1_IsNack   		CODE           	1232A	0000	22
		_I2C1_IsAddr   		CODE           	12382	0000	22
		_I2C1_IsBusy   		CODE           	12204	0000	44
		_I2C1_ErrorGet 		CODE           	1240E	0000	12
		_I2C1_BufferClear		CODE           	12424	0000	10
		_I2C1_BusReset 		CODE           	121D6	0000	46
		_I2C1_Initialize		CODE           	11FC8	0000	88
		_I2C1_Close    		CODE           	12230	0000	40
		_I2C1_IsBusCol 		CODE           	1236C	0000	22
		_I2C1_Write    		CODE           	12020	0000	88
		_I2C1_ErrorFlagsClear		CODE           	1241A	0000	10
		_I2C1_StopSend 		CODE           	1227E	0000	38
		_I2C1_RestartDisable		CODE           	1244E	0000	6
		_I2C1_DataTransmit		CODE           	1242E	0000	8
		_I2C1_AddrTransmit		CODE           	12446	0000	8
		_I2C1_IsBusTimeOut		CODE           	12356	0000	22
		_I2C1_DefaultCallback		CODE           	12470	0000	2
		_I2C1_StartSend		CODE           	12460	0000	6

mcc_generated_files/i2c_host/src/i2c1.c estimated size: 1208

mcc_generated_files/system/src/pins.c
		_PIN_MANAGER_Initialize		CODE           	1186C	0000	224

mcc_generated_files/system/src/pins.c estimated size: 224

shared
		_Font7x10      		MEDIUMCONST    	F869	0000	1900
		_Font16x26     		MEDIUMCONST    	D7C1	0000	4940
		__initialization		CODE           	11EE8	0000	106
		_I2C1_Host     		MEDIUMCONST    	FFD5	0000	30
		_Font11x18     		MEDIUMCONST    	EB0D	0000	3420

shared estimated size: 10396

C:\Program Files\Microchip\xc8\v2.46\pic\sources\c99\common\Umul16.c
		___wmul        		CODE           	12258	0000	38

C:\Program Files\Microchip\xc8\v2.46\pic\sources\c99\common\Umul16.c estimated size: 38

mcc_generated_files/system/src/clock.c
		_CLOCK_Initialize		CODE           	1230E	0000	28

mcc_generated_files/system/src/clock.c estimated size: 28

main.c
		_main          		CODE           	11108	0000	472

main.c estimated size: 472

mcc_generated_files/system/src/system.c
		_SYSTEM_Initialize		CODE           	12398	0000	18

mcc_generated_files/system/src/system.c estimated size: 18

