Microchip MPLAB XC8 Compiler V2.46

Linker command line:

-W-3 \
  --edf=C:\Program Files\Microchip\xc8\v2.46\pic\dat\20240104201356_en.msgs \
  -cn -h+dist/default/debug\Ejemplo5_PWM.X.debug.sym \
  --cmf=dist/default/debug\Ejemplo5_PWM.X.debug.cmf -z -Q18F57Q43 \
  -oC:\Users\DELL\AppData\Local\Temp\xcAs8eg.\driver_tmp_3.o \
  --defsym=__MPLAB_BUILD=1 --fixupoverflow=error \
  -Mdist/default/debug/Ejemplo5_PWM.X.debug.map \
  --md=C:\Users\DELL\AppData\Local\Temp\xcAs8eg.\driver_tmp_0.dat -E1 \
  -ver=XC8 Compiler --acfsm=1493 -ACODE=00h-01FFFFh -ACONST=00h-01FFFFh \
  -ASMALLCONST=02500h-025FFhx475 \
  -AMEDIUMCONST=02500h-0FFFFh,012500h-01FFFFh -ACOMRAM=0501h-055Fh \
  -AABS1=0500h-024FFh -ABIGRAM=0501h-024FFh \
  -ARAM=0560h-05FFh,0600h-06FFhx31 -ABANK5=0560h-05FFh -ABANK6=0600h-06FFh \
  -ABANK7=0700h-07FFh -ABANK8=0800h-08FFh -ABANK9=0900h-09FFh \
  -ABANK10=0A00h-0AFFh -ABANK11=0B00h-0BFFh -ABANK12=0C00h-0CFFh \
  -ABANK13=0D00h-0DFFh -ABANK14=0E00h-0EFFh -ABANK15=0F00h-0FFFh \
  -ABANK16=01000h-010FFh -ABANK17=01100h-011FFh -ABANK18=01200h-012FFh \
  -ABANK19=01300h-013FFh -ABANK20=01400h-014FFh -ABANK21=01500h-015FFh \
  -ABANK22=01600h-016FFh -ABANK23=01700h-017FFh -ABANK24=01800h-018FFh \
  -ABANK25=01900h-019FFh -ABANK26=01A00h-01AFFh -ABANK27=01B00h-01BFFh \
  -ABANK28=01C00h-01CFFh -ABANK29=01D00h-01DFFh -ABANK30=01E00h-01EFFh \
  -ABANK31=01F00h-01FFFh -ABANK32=02000h-020FFh -ABANK33=02100h-021FFh \
  -ABANK34=02200h-022FFh -ABANK35=02300h-023FFh -ABANK36=02400h-024FFh \
  -ASFR=00h-0FFhx4,0400h-045Fh,0460h-04FFh,02500h-025FFh \
  -ABIGSFR=00h-04FFh,02500h-025FFh -ACONFIG=0300000h-0300011h \
  -AIDLOC=0200000h-020003Fh -AEEDATA=0380000h-03803FFh -peeprom_data=EEDATA \
  -preset_vec=00h -ppowerup=CODE,init -pramtop=02500h \
  -psmallconst=SMALLCONST -pmediumconst=MEDIUMCONST -pconst=CONST \
  -AFARRAM=00h-00h \
  -prdata=COMRAM,nvrram=COMRAM,nvbit=COMRAM,rbss=COMRAM,rbit=COMRAM \
  -pfarbss=FARRAM,fardata=FARRAM,nvFARRAM=FARRAM \
  -pintsave_regs=BIGRAM,bigbss=BIGRAM,bigdata=BIGRAM -pbss=RAM \
  -pidata=CODE,irdata=CODE,ibigdata=CODE,ifardata=CODE -prparam=COMRAM \
  C:\Users\DELL\AppData\Local\Temp\xcAs8eg.\driver_tmp_9.o \
  dist/default/debug\Ejemplo5_PWM.X.debug.o 

Object code version is 3.11

Machine type is 18F57Q43



                Name                               Link     Load   Length Selector   Space Scale
C:\Users\DELL\AppData\Local\Temp\xcAs8eg.\driver_tmp_9.o
                config                           300000   300000        A        0       4
                init                              1FFFC    1FFFC        4     FFFE       0
                reset_vec                             0        0        4        0       0
dist/default/debug\Ejemplo5_PWM.X.debug.o
                config                           300000   300000        A        0       4
                smallconst                         2500     2500        2     1280       0
                text16                             278A     278A       16     1281       0
                text15                             27F4     27F4        C     1281       0
                text14                             2810     2810        6     1281       0
                text13                             2800     2800        A     1281       0
                text12                             26B8     26B8       60     1281       0
                text11                             2758     2758       1C     1281       0
                text10                             27E6     27E6        E     1281       0
                text9                              27D8     27D8        E     1281       0
                text8                              27CA     27CA        E     1281       0
                text7                              2718     2718       40     1281       0
                text6                              2502     2502       CE     1281       0
                text5                              27BC     27BC        E     1281       0
                text4                              27AE     27AE        E     1281       0
                text3                              27A0     27A0        E     1281       0
                text2                              25D0     25D0       78     1281       0
                text1                              2774     2774       16     1281       0
                text0                              2648     2648       70     1281       0
                cstackCOMRAM                        513      513        8      501       1
                cinit                              280A     280A        6     1281       0
                nvCOMRAM                            501      501       12      501       1

TOTAL           Name                               Link     Load   Length     Space
        CLASS   CODE           
                init                              1FFFC    1FFFC        4         0
                reset_vec                             0        0        4         0
                text16                             278A     278A       16         0
                text15                             27F4     27F4        C         0
                text14                             2810     2810        6         0
                text13                             2800     2800        A         0
                text12                             26B8     26B8       60         0
                text11                             2758     2758       1C         0
                text10                             27E6     27E6        E         0
                text9                              27D8     27D8        E         0
                text8                              27CA     27CA        E         0
                text7                              2718     2718       40         0
                text6                              2502     2502       CE         0
                text5                              27BC     27BC        E         0
                text4                              27AE     27AE        E         0
                text3                              27A0     27A0        E         0
                text2                              25D0     25D0       78         0
                text1                              2774     2774       16         0
                text0                              2648     2648       70         0
                cinit                              280A     280A        6         0

        CLASS   CONST          

        CLASS   SMALLCONST     
                smallconst                         2500     2500        2         0

        CLASS   MEDIUMCONST    

        CLASS   COMRAM         
                cstackCOMRAM                        513      513        8         1
                nvCOMRAM                            501      501       12         1

        CLASS   ABS1           

        CLASS   BIGRAM         

        CLASS   RAM            

        CLASS   BANK5          

        CLASS   BANK6          

        CLASS   BANK7          

        CLASS   BANK8          

        CLASS   BANK9          

        CLASS   BANK10         

        CLASS   BANK11         

        CLASS   BANK12         

        CLASS   BANK13         

        CLASS   BANK14         

        CLASS   BANK15         

        CLASS   BANK16         

        CLASS   BANK17         

        CLASS   BANK18         

        CLASS   BANK19         

        CLASS   BANK20         

        CLASS   BANK21         

        CLASS   BANK22         

        CLASS   BANK23         

        CLASS   BANK24         

        CLASS   BANK25         

        CLASS   BANK26         

        CLASS   BANK27         

        CLASS   BANK28         

        CLASS   BANK29         

        CLASS   BANK30         

        CLASS   BANK31         

        CLASS   BANK32         

        CLASS   BANK33         

        CLASS   BANK34         

        CLASS   BANK35         

        CLASS   BANK36         

        CLASS   SFR            

        CLASS   BIGSFR         

        CLASS   CONFIG         
                config                           300000   300000        A         4

        CLASS   IDLOC          

        CLASS   EEDATA         

        CLASS   FARRAM         

        CLASS   HEAP           

        CLASS   STACK          



SEGMENTS        Name                           Load    Length   Top    Selector   Space  Class

                reset_vec                      000000  000004  000004         0       0  CODE    
                nvCOMRAM                       000501  00001A  00051B       501       1  COMRAM  
                smallconst                     002500  000002  002502      1280       0  SMALLCON
                text6                          002502  000314  002816      1281       0  CODE    
                init                           01FFFC  000004  020000      FFFE       0  CODE    


UNUSED ADDRESS RANGES

        Name                Unused          Largest block    Delta
        BANK10           000A00-000AFF              100
        BANK11           000B00-000BFF              100
        BANK12           000C00-000CFF              100
        BANK13           000D00-000DFF              100
        BANK14           000E00-000EFF              100
        BANK15           000F00-000FFF              100
        BANK16           001000-0010FF              100
        BANK17           001100-0011FF              100
        BANK18           001200-0012FF              100
        BANK19           001300-0013FF              100
        BANK20           001400-0014FF              100
        BANK21           001500-0015FF              100
        BANK22           001600-0016FF              100
        BANK23           001700-0017FF              100
        BANK24           001800-0018FF              100
        BANK25           001900-0019FF              100
        BANK26           001A00-001AFF              100
        BANK27           001B00-001BFF              100
        BANK28           001C00-001CFF              100
        BANK29           001D00-001DFF              100
        BANK30           001E00-001EFF              100
        BANK31           001F00-001FFF              100
        BANK32           002000-0020FF              100
        BANK33           002100-0021FF              100
        BANK34           002200-0022FF              100
        BANK35           002300-0023FF              100
        BANK36           002400-0024FF              100
        BANK5            000560-0005FF               A0
        BANK6            000600-0006FF              100
        BANK7            000700-0007FF              100
        BANK8            000800-0008FF              100
        BANK9            000900-0009FF              100
        BIGRAM           00051B-0024FF             1FE5
        BIGSFR           000000-0004FF              500
                         002500-0025FF              100
        CODE             000004-0024FF             24FC
                         002816-01FFFB            1D7E6
        COMRAM           00051B-00055F               45
        CONFIG           30000A-300011                8
        CONST            000004-0024FF             24FC
                         002816-01FFFB            1D7E6
        EEDATA           380000-3803FF              400
        IDLOC            200000-20003F               40
        MEDIUMCONST      002816-00FFFF             D7EA
                         012500-01FFFB             DAFC
        RAM              000560-0024FF              100
        SFR              000000-0004FF              100
                         002500-0025FF              100
        SMALLCONST       002816-01FFFB              100

                                  Symbol Table

?_ADCC_GetConversionResult                                    cstackCOMRAM 000513
ADCC_StartConversion@channel                                  cstackCOMRAM 000513
INT0_SetInterruptHandler@InterruptHandler                     cstackCOMRAM 000513
INT1_SetInterruptHandler@InterruptHandler                     cstackCOMRAM 000513
INT2_SetInterruptHandler@InterruptHandler                     cstackCOMRAM 000513
PWM1_16BIT_Period_SetInterruptHandler@InterruptHandler        cstackCOMRAM 000513
PWM1_16BIT_SetSlice1Output1DutyCycleRegister@registerValue    cstackCOMRAM 000513
PWM1_16BIT_Slice1Output1_SetInterruptHandler@InterruptHandler cstackCOMRAM 000513
PWM1_16BIT_Slice1Output2_SetInterruptHandler@InterruptHandler cstackCOMRAM 000513
_ACTCON                                                       (abs)        0000AC
_ADACCH                                                       (abs)        0003E4
_ADACCL                                                       (abs)        0003E3
_ADACCU                                                       (abs)        0003E5
_ADACQH                                                       (abs)        0003EF
_ADACQL                                                       (abs)        0003EE
_ADACT                                                        (abs)        0003F9
_ADCAP                                                        (abs)        0003F0
_ADCC_GetConversionResult                                     text16       00278A
_ADCC_Initialize                                              text12       0026B8
_ADCC_StartConversion                                         text15       0027F4
_ADCC_StopConversion                                          text14       002810
_ADCLK                                                        (abs)        0003FA
_ADCNT                                                        (abs)        0003E6
_ADCON0                                                       (abs)        0003F3
_ADCON0bits                                                   (abs)        0003F3
_ADCON1                                                       (abs)        0003F4
_ADCON1bits                                                   (abs)        0003F4
_ADCON2                                                       (abs)        0003F5
_ADCON2bits                                                   (abs)        0003F5
_ADCON3                                                       (abs)        0003F6
_ADCON3bits                                                   (abs)        0003F6
_ADERRH                                                       (abs)        0003DE
_ADERRL                                                       (abs)        0003DD
_ADFLTRH                                                      (abs)        0003E2
_ADFLTRL                                                      (abs)        0003E1
_ADLTHH                                                       (abs)        0003DA
_ADLTHL                                                       (abs)        0003D9
_ADPCH                                                        (abs)        0003EC
_ADPREH                                                       (abs)        0003F2
_ADPREL                                                       (abs)        0003F1
_ADPREVH                                                      (abs)        0003E9
_ADPREVL                                                      (abs)        0003E8
_ADREF                                                        (abs)        0003F8
_ADRESH                                                       (abs)        0003EB
_ADRESL                                                       (abs)        0003EA
_ADRPT                                                        (abs)        0003E7
_ADSTAT                                                       (abs)        0003F7
_ADSTATbits                                                   (abs)        0003F7
_ADSTPTH                                                      (abs)        0003E0
_ADSTPTL                                                      (abs)        0003DF
_ADUTHH                                                       (abs)        0003DC
_ADUTHL                                                       (abs)        0003DB
_ANSELA                                                       (abs)        000400
_ANSELB                                                       (abs)        000408
_ANSELC                                                       (abs)        000410
_ANSELD                                                       (abs)        000418
_ANSELE                                                       (abs)        000420
_ANSELF                                                       (abs)        000428
_CLOCK_Initialize                                             text11       002758
_INLVLA                                                       (abs)        000404
_INLVLB                                                       (abs)        00040C
_INLVLC                                                       (abs)        000414
_INLVLD                                                       (abs)        00041C
_INLVLE                                                       (abs)        000424
_INLVLF                                                       (abs)        00042C
_INT0_DefaultInterruptHandler                                 (abs)        000000
_INT0_InterruptHandler                                        nvCOMRAM     000507
_INT0_SetInterruptHandler                                     text10       0027E6
_INT1_DefaultInterruptHandler                                 (abs)        000000
_INT1_InterruptHandler                                        nvCOMRAM     000504
_INT1_SetInterruptHandler                                     text9        0027D8
_INT2_DefaultInterruptHandler                                 (abs)        000000
_INT2_InterruptHandler                                        nvCOMRAM     000501
_INT2_SetInterruptHandler                                     text8        0027CA
_INTCON0bits                                                  (abs)        0004D6
_INTERRUPT_Initialize                                         text7        002718
_IOCAF                                                        (abs)        000407
_IOCAN                                                        (abs)        000406
_IOCAP                                                        (abs)        000405
_IOCBF                                                        (abs)        00040F
_IOCBN                                                        (abs)        00040E
_IOCBP                                                        (abs)        00040D
_IOCCF                                                        (abs)        000417
_IOCCN                                                        (abs)        000416
_IOCCP                                                        (abs)        000415
_IOCEF                                                        (abs)        000427
_IOCEN                                                        (abs)        000426
_IOCEP                                                        (abs)        000425
_LATA                                                         (abs)        0004BE
_LATB                                                         (abs)        0004BF
_LATC                                                         (abs)        0004C0
_LATD                                                         (abs)        0004C1
_LATE                                                         (abs)        0004C2
_LATF                                                         (abs)        0004C3
_ODCONA                                                       (abs)        000402
_ODCONB                                                       (abs)        00040A
_ODCONC                                                       (abs)        000412
_ODCOND                                                       (abs)        00041A
_ODCONE                                                       (abs)        000422
_ODCONF                                                       (abs)        00042A
_OSCCON1                                                      (abs)        0000AD
_OSCCON3                                                      (abs)        0000AF
_OSCEN                                                        (abs)        0000B3
_OSCFRQ                                                       (abs)        0000B1
_OSCTUNE                                                      (abs)        0000B0
_PIE4bits                                                     (abs)        0004A2
_PIN_MANAGER_Initialize                                       text6        002502
_PIR10bits                                                    (abs)        0004B8
_PIR1bits                                                     (abs)        0004AF
_PIR2bits                                                     (abs)        0004B0
_PIR4bits                                                     (abs)        0004B2
_PIR6bits                                                     (abs)        0004B4
_PWM1CLK                                                      (abs)        000461
_PWM1CON                                                      (abs)        000469
_PWM1CONbits                                                  (abs)        000469
_PWM1CPRE                                                     (abs)        000465
_PWM1ERS                                                      (abs)        000460
_PWM1GIE                                                      (abs)        000468
_PWM1GIEbits                                                  (abs)        000468
_PWM1GIR                                                      (abs)        000467
_PWM1GIRbits                                                  (abs)        000467
_PWM1LDS                                                      (abs)        000462
_PWM1PIPOS                                                    (abs)        000466
_PWM1PRH                                                      (abs)        000464
_PWM1PRL                                                      (abs)        000463
_PWM1S1CFG                                                    (abs)        00046A
_PWM1S1P1H                                                    (abs)        00046C
_PWM1S1P1L                                                    (abs)        00046B
_PWM1S1P2H                                                    (abs)        00046E
_PWM1S1P2L                                                    (abs)        00046D
_PWM1_16BIT_Initialize                                        text2        0025D0
_PWM1_16BIT_Period_DefaultInterruptHandler                    (abs)        000000
_PWM1_16BIT_Period_InterruptHandler                           nvCOMRAM     00050A
_PWM1_16BIT_Period_SetInterruptHandler                        text5        0027BC
_PWM1_16BIT_SetSlice1Output1DutyCycleRegister                 text13       002800
_PWM1_16BIT_Slice1Output1_DefaultInterruptHandler             (abs)        000000
_PWM1_16BIT_Slice1Output1_InterruptHandler                    nvCOMRAM     000510
_PWM1_16BIT_Slice1Output1_SetInterruptHandler                 text4        0027AE
_PWM1_16BIT_Slice1Output2_DefaultInterruptHandler             (abs)        000000
_PWM1_16BIT_Slice1Output2_InterruptHandler                    nvCOMRAM     00050D
_PWM1_16BIT_Slice1Output2_SetInterruptHandler                 text3        0027A0
_RB1I2C                                                       (abs)        000289
_RB2I2C                                                       (abs)        000288
_RC3I2C                                                       (abs)        000287
_RC4I2C                                                       (abs)        000286
_RF3PPS                                                       (abs)        00022C
_SLRCONA                                                      (abs)        000403
_SLRCONB                                                      (abs)        00040B
_SLRCONC                                                      (abs)        000413
_SLRCOND                                                      (abs)        00041B
_SLRCONE                                                      (abs)        000423
_SLRCONF                                                      (abs)        00042B
_SYSTEM_Initialize                                            text1        002774
_TRISA                                                        (abs)        0004C6
_TRISB                                                        (abs)        0004C7
_TRISC                                                        (abs)        0004C8
_TRISD                                                        (abs)        0004C9
_TRISE                                                        (abs)        0004CA
_TRISF                                                        (abs)        0004CB
_WPUA                                                         (abs)        000401
_WPUB                                                         (abs)        000409
_WPUC                                                         (abs)        000411
_WPUD                                                         (abs)        000419
_WPUE                                                         (abs)        000421
_WPUF                                                         (abs)        000429
__HRAM                                                        (abs)        000000
__H__absolute__                                               __absolute__ 000000
__Habs1                                                       abs1         000000
__Hbank10                                                     bank10       000000
__Hbank11                                                     bank11       000000
__Hbank12                                                     bank12       000000
__Hbank13                                                     bank13       000000
__Hbank14                                                     bank14       000000
__Hbank15                                                     bank15       000000
__Hbank16                                                     bank16       000000
__Hbank17                                                     bank17       000000
__Hbank18                                                     bank18       000000
__Hbank19                                                     bank19       000000
__Hbank20                                                     bank20       000000
__Hbank21                                                     bank21       000000
__Hbank22                                                     bank22       000000
__Hbank23                                                     bank23       000000
__Hbank24                                                     bank24       000000
__Hbank25                                                     bank25       000000
__Hbank26                                                     bank26       000000
__Hbank27                                                     bank27       000000
__Hbank28                                                     bank28       000000
__Hbank29                                                     bank29       000000
__Hbank30                                                     bank30       000000
__Hbank31                                                     bank31       000000
__Hbank32                                                     bank32       000000
__Hbank33                                                     bank33       000000
__Hbank34                                                     bank34       000000
__Hbank35                                                     bank35       000000
__Hbank36                                                     bank36       000000
__Hbank5                                                      bank5        000000
__Hbank6                                                      bank6        000000
__Hbank7                                                      bank7        000000
__Hbank8                                                      bank8        000000
__Hbank9                                                      bank9        000000
__Hbigbss                                                     bigbss       000000
__Hbigdata                                                    bigdata      000000
__Hbigram                                                     bigram       000000
__Hbigsfr                                                     bigsfr       000000
__Hbss                                                        bss          000000
__Hcinit                                                      cinit        000000
__Hclrtext                                                    clrtext      000000
__Hcomram                                                     comram       000000
__Hconfig                                                     config       30000A
__Hconst                                                      const        000000
__HcstackCOMRAM                                               cstackCOMRAM 000000
__Hdata                                                       data         000000
__Heeprom_data                                                eeprom_data  000000
__Hfarbss                                                     farbss       000000
__Hfardata                                                    fardata      000000
__Hheap                                                       heap         000000
__Hibigdata                                                   ibigdata     000000
__Hidata                                                      idata        000000
__Hidloc                                                      idloc        000000
__Hifardata                                                   ifardata     000000
__Hinit                                                       init         020000
__Hintsave_regs                                               intsave_regs 000000
__Hirdata                                                     irdata       000000
__Hmediumconst                                                mediumconst  000000
__HnvCOMRAM                                                   nvCOMRAM     000000
__HnvFARRAM                                                   nvFARRAM     000000
__Hnvbit                                                      nvbit        000000
__Hnvrram                                                     nvrram       000000
__Hparam                                                      rparam       000000
__Hpowerup                                                    powerup      000000
__Hram                                                        ram          000000
__Hramtop                                                     ramtop       002500
__Hrbit                                                       rbit         000000
__Hrbss                                                       rbss         000000
__Hrdata                                                      rdata        000000
__Hreset_vec                                                  reset_vec    000004
__Hrparam                                                     rparam       000000
__Hsfr                                                        sfr          000000
__Hsmallconst                                                 smallconst   002502
__Hspace_0                                                    (abs)        020000
__Hspace_1                                                    (abs)        00051B
__Hspace_2                                                    (abs)        000000
__Hspace_4                                                    (abs)        60000A
__Hstack                                                      stack        000000
__Hstruct                                                     struct       000000
__Htemp                                                       temp         000000
__Htext                                                       text         000000
__Htext0                                                      text0        000000
__Htext1                                                      text1        000000
__Htext10                                                     text10       000000
__Htext11                                                     text11       000000
__Htext12                                                     text12       000000
__Htext13                                                     text13       000000
__Htext14                                                     text14       000000
__Htext15                                                     text15       000000
__Htext16                                                     text16       000000
__Htext2                                                      text2        000000
__Htext3                                                      text3        000000
__Htext4                                                      text4        000000
__Htext5                                                      text5        000000
__Htext6                                                      text6        000000
__Htext7                                                      text7        000000
__Htext8                                                      text8        000000
__Htext9                                                      text9        000000
__LRAM                                                        (abs)        000001
__L__absolute__                                               __absolute__ 000000
__Labs1                                                       abs1         000000
__Lbank10                                                     bank10       000000
__Lbank11                                                     bank11       000000
__Lbank12                                                     bank12       000000
__Lbank13                                                     bank13       000000
__Lbank14                                                     bank14       000000
__Lbank15                                                     bank15       000000
__Lbank16                                                     bank16       000000
__Lbank17                                                     bank17       000000
__Lbank18                                                     bank18       000000
__Lbank19                                                     bank19       000000
__Lbank20                                                     bank20       000000
__Lbank21                                                     bank21       000000
__Lbank22                                                     bank22       000000
__Lbank23                                                     bank23       000000
__Lbank24                                                     bank24       000000
__Lbank25                                                     bank25       000000
__Lbank26                                                     bank26       000000
__Lbank27                                                     bank27       000000
__Lbank28                                                     bank28       000000
__Lbank29                                                     bank29       000000
__Lbank30                                                     bank30       000000
__Lbank31                                                     bank31       000000
__Lbank32                                                     bank32       000000
__Lbank33                                                     bank33       000000
__Lbank34                                                     bank34       000000
__Lbank35                                                     bank35       000000
__Lbank36                                                     bank36       000000
__Lbank5                                                      bank5        000000
__Lbank6                                                      bank6        000000
__Lbank7                                                      bank7        000000
__Lbank8                                                      bank8        000000
__Lbank9                                                      bank9        000000
__Lbigbss                                                     bigbss       000000
__Lbigdata                                                    bigdata      000000
__Lbigram                                                     bigram       000000
__Lbigsfr                                                     bigsfr       000000
__Lbss                                                        bss          000000
__Lcinit                                                      cinit        000000
__Lclrtext                                                    clrtext      000000
__Lcomram                                                     comram       000000
__Lconfig                                                     config       000000
__Lconst                                                      const        000000
__LcstackCOMRAM                                               cstackCOMRAM 000000
__Ldata                                                       data         000000
__Leeprom_data                                                eeprom_data  000000
__Lfarbss                                                     farbss       000000
__Lfardata                                                    fardata      000000
__Lheap                                                       heap         000000
__Libigdata                                                   ibigdata     000000
__Lidata                                                      idata        000000
__Lidloc                                                      idloc        000000
__Lifardata                                                   ifardata     000000
__Linit                                                       init         01FFFC
__Lintsave_regs                                               intsave_regs 000000
__Lirdata                                                     irdata       000000
__Lmediumconst                                                mediumconst  000000
__LnvCOMRAM                                                   nvCOMRAM     000000
__LnvFARRAM                                                   nvFARRAM     000000
__Lnvbit                                                      nvbit        000000
__Lnvrram                                                     nvrram       000000
__Lparam                                                      rparam       000000
__Lpowerup                                                    powerup      000000
__Lram                                                        ram          000000
__Lramtop                                                     ramtop       002500
__Lrbit                                                       rbit         000000
__Lrbss                                                       rbss         000000
__Lrdata                                                      rdata        000000
__Lreset_vec                                                  reset_vec    000000
__Lrparam                                                     rparam       000000
__Lsfr                                                        sfr          000000
__Lsmallconst                                                 smallconst   002500
__Lspace_0                                                    (abs)        000000
__Lspace_1                                                    (abs)        000000
__Lspace_2                                                    (abs)        000000
__Lspace_4                                                    (abs)        000000
__Lstack                                                      stack        000000
__Lstruct                                                     struct       000000
__Ltemp                                                       temp         000000
__Ltext                                                       text         000000
__Ltext0                                                      text0        000000
__Ltext1                                                      text1        000000
__Ltext10                                                     text10       000000
__Ltext11                                                     text11       000000
__Ltext12                                                     text12       000000
__Ltext13                                                     text13       000000
__Ltext14                                                     text14       000000
__Ltext15                                                     text15       000000
__Ltext16                                                     text16       000000
__Ltext2                                                      text2        000000
__Ltext3                                                      text3        000000
__Ltext4                                                      text4        000000
__Ltext5                                                      text5        000000
__Ltext6                                                      text6        000000
__Ltext7                                                      text7        000000
__Ltext8                                                      text8        000000
__Ltext9                                                      text9        000000
__S0                                                          (abs)        020000
__S1                                                          (abs)        00051B
__S4                                                          (abs)        000000
__S5                                                          (abs)        000000
___heap_hi                                                    (abs)        000000
___heap_lo                                                    (abs)        000000
___inthi_sp                                                   stack        000000
___inthi_stack_hi                                             stack        000000
___inthi_stack_lo                                             stack        000000
___intlo_sp                                                   stack        000000
___intlo_stack_hi                                             stack        000000
___intlo_stack_lo                                             stack        000000
___param_bank                                                 (abs)        000000
___rparam_used                                                (abs)        000001
___sp                                                         stack        000000
___stack_hi                                                   stack        000000
___stack_lo                                                   stack        000000
__accesstop                                                   (abs)        000560
__activetblptr                                                (abs)        000003
__end_of_ADCC_GetConversionResult                             text16       0027A0
__end_of_ADCC_Initialize                                      text12       002718
__end_of_ADCC_StartConversion                                 text15       002800
__end_of_ADCC_StopConversion                                  text14       002816
__end_of_CLOCK_Initialize                                     text11       002774
__end_of_INT0_SetInterruptHandler                             text10       0027F4
__end_of_INT1_SetInterruptHandler                             text9        0027E6
__end_of_INT2_SetInterruptHandler                             text8        0027D8
__end_of_INTERRUPT_Initialize                                 text7        002758
__end_of_PIN_MANAGER_Initialize                               text6        0025D0
__end_of_PWM1_16BIT_Initialize                                text2        002648
__end_of_PWM1_16BIT_Period_SetInterruptHandler                text5        0027CA
__end_of_PWM1_16BIT_SetSlice1Output1DutyCycleRegister         text13       00280A
__end_of_PWM1_16BIT_Slice1Output1_SetInterruptHandler         text4        0027BC
__end_of_PWM1_16BIT_Slice1Output2_SetInterruptHandler         text3        0027AE
__end_of_SYSTEM_Initialize                                    text1        00278A
__end_of__initialization                                      cinit        00280A
__end_of_main                                                 text0        0026B8
__initialization                                              cinit        00280A
__mediumconst                                                 mediumconst  000000
__pcinit                                                      cinit        00280A
__pcstackCOMRAM                                               cstackCOMRAM 000513
__pnvCOMRAM                                                   nvCOMRAM     000501
__psmallconst                                                 smallconst   002500
__ptext0                                                      text0        002648
__ptext1                                                      text1        002774
__ptext10                                                     text10       0027E6
__ptext11                                                     text11       002758
__ptext12                                                     text12       0026B8
__ptext13                                                     text13       002800
__ptext14                                                     text14       002810
__ptext15                                                     text15       0027F4
__ptext16                                                     text16       00278A
__ptext2                                                      text2        0025D0
__ptext3                                                      text3        0027A0
__ptext4                                                      text4        0027AE
__ptext5                                                      text5        0027BC
__ptext6                                                      text6        002502
__ptext7                                                      text7        002718
__ptext8                                                      text8        0027CA
__ptext9                                                      text9        0027D8
__ramtop                                                      ramtop       002500
__smallconst                                                  smallconst   002500
_main                                                         text0        002648
end_of_initialization                                         cinit        00280A
intlevel0                                                     text         000000
intlevel1                                                     text         000000
intlevel2                                                     text         000000
intlevel3                                                     text         000000
isa$std                                                       (abs)        000001
isa$xinst                                                     (abs)        000000
main@adc_value                                                cstackCOMRAM 000519
stackhi                                                       (abs)        000000
stacklo                                                       (abs)        000000
start                                                         init         01FFFC
start_initialization                                          cinit        00280A


MODULE INFORMATION

Module		Function		Class		Link	Load	Size
mcc_generated_files/system/src/interrupt.c
		_INT0_SetInterruptHandler		CODE           	27E6	0000	14
		_INT1_SetInterruptHandler		CODE           	27D8	0000	14
		_INT2_SetInterruptHandler		CODE           	27CA	0000	14
		_INTERRUPT_Initialize		CODE           	2718	0000	64

mcc_generated_files/system/src/interrupt.c estimated size: 106

mcc_generated_files/pwm/src/pwm1_16bit.c
		_PWM1_16BIT_Period_SetInterruptHandler		CODE           	27BC	0000	14
		_PWM1_16BIT_Slice1Output1_SetInterruptHandler		CODE           	27AE	0000	14
		_PWM1_16BIT_Slice1Output2_SetInterruptHandler		CODE           	27A0	0000	14
		_PWM1_16BIT_Initialize		CODE           	25D0	0000	120
		_PWM1_16BIT_SetSlice1Output1DutyCycleRegister		CODE           	2800	0000	10

mcc_generated_files/pwm/src/pwm1_16bit.c estimated size: 172

mcc_generated_files/adc/src/adcc.c
		_ADCC_StopConversion		CODE           	2810	0000	6
		_ADCC_GetConversionResult		CODE           	278A	0000	22
		_ADCC_StartConversion		CODE           	27F4	0000	12
		_ADCC_Initialize		CODE           	26B8	0000	96

mcc_generated_files/adc/src/adcc.c estimated size: 136

mcc_generated_files/system/src/pins.c
		_PIN_MANAGER_Initialize		CODE           	2502	0000	206

mcc_generated_files/system/src/pins.c estimated size: 206

shared
		__initialization		CODE           	280A	0000	1

shared estimated size: 1

mcc_generated_files/system/src/clock.c
		_CLOCK_Initialize		CODE           	2758	0000	28

mcc_generated_files/system/src/clock.c estimated size: 28

main.c
		_main          		CODE           	2648	0000	112

main.c estimated size: 112

mcc_generated_files/system/src/system.c
		_SYSTEM_Initialize		CODE           	2774	0000	22

mcc_generated_files/system/src/system.c estimated size: 22

