Microchip MPLAB XC8 Compiler V2.46

Linker command line:

-W-3 \
  --edf=C:\Program Files\Microchip\xc8\v2.46\pic\dat\20240104201356_en.msgs \
  -pivt0x8=08h -cn -h+dist/default/debug\Ejemplo14_PID.X.debug.sym \
  --cmf=dist/default/debug\Ejemplo14_PID.X.debug.cmf -z -Q18F57Q43 \
  -oC:\Users\DELL\AppData\Local\Temp\xcAsnj4.\driver_tmp_3.o \
  --defsym=__MPLAB_BUILD=1 --fixupoverflow=error \
  -Mdist/default/debug/Ejemplo14_PID.X.debug.map \
  --md=C:\Users\DELL\AppData\Local\Temp\xcAsnj4.\driver_tmp_0.dat -E1 \
  -ver=XC8 Compiler --acfsm=1493 -ACODE=00h-01FFFFh -ACONST=00h-01FFFFh \
  -ASMALLCONST=02600h-026FFhx474 \
  -AMEDIUMCONST=02600h-0FFFFh,012600h-01FFFFh -ACOMRAM=0501h-055Fh \
  -AABS1=0500h-025FFh -ABIGRAM=0501h-025FFh \
  -ARAM=0560h-05FFh,0600h-06FFhx32 -ABANK5=0560h-05FFh -ABANK6=0600h-06FFh \
  -ABANK7=0700h-07FFh -ABANK8=0800h-08FFh -ABANK9=0900h-09FFh \
  -ABANK10=0A00h-0AFFh -ABANK11=0B00h-0BFFh -ABANK12=0C00h-0CFFh \
  -ABANK13=0D00h-0DFFh -ABANK14=0E00h-0EFFh -ABANK15=0F00h-0FFFh \
  -ABANK16=01000h-010FFh -ABANK17=01100h-011FFh -ABANK18=01200h-012FFh \
  -ABANK19=01300h-013FFh -ABANK20=01400h-014FFh -ABANK21=01500h-015FFh \
  -ABANK22=01600h-016FFh -ABANK23=01700h-017FFh -ABANK24=01800h-018FFh \
  -ABANK25=01900h-019FFh -ABANK26=01A00h-01AFFh -ABANK27=01B00h-01BFFh \
  -ABANK28=01C00h-01CFFh -ABANK29=01D00h-01DFFh -ABANK30=01E00h-01EFFh \
  -ABANK31=01F00h-01FFFh -ABANK32=02000h-020FFh -ABANK33=02100h-021FFh \
  -ABANK34=02200h-022FFh -ABANK35=02300h-023FFh -ABANK36=02400h-024FFh \
  -ABANK37=02500h-025FFh -ASFR=00h-0FFhx4,0400h-045Fh,0460h-04FFh \
  -ABIGSFR=00h-04FFh -ACONFIG=0300000h-0300011h -AIDLOC=0200000h-020001Fh \
  -AEEDATA=0380000h-03803FFh -peeprom_data=EEDATA -preset_vec=00h \
  -ppowerup=CODE,init -pramtop=02600h -psmallconst=SMALLCONST \
  -pmediumconst=MEDIUMCONST -pconst=CONST -AFARRAM=00h-00h \
  -prdata=COMRAM,nvrram=COMRAM,nvbit=COMRAM,rbss=COMRAM,rbit=COMRAM \
  -pfarbss=FARRAM,fardata=FARRAM,nvFARRAM=FARRAM \
  -pintsave_regs=BIGRAM,bigbss=BIGRAM,bigdata=BIGRAM -pbss=RAM \
  -pidata=CODE,irdata=CODE,ibigdata=CODE,ifardata=CODE -prparam=COMRAM \
  C:\Users\DELL\AppData\Local\Temp\xcAsnj4.\driver_tmp_14.o \
  dist/default/debug\Ejemplo14_PID.X.debug.o 

Object code version is 3.11

Machine type is 18F57Q43



                Name                               Link     Load   Length Selector   Space Scale
C:\Users\DELL\AppData\Local\Temp\xcAsnj4.\driver_tmp_14.o
                idloc                            200000   200000       20        0       5
                config                           300000   300000        A        0       4
                init                                 1C       1C        4        4       0
                reset_vec                             0        0        4        0       0
dist/default/debug\Ejemplo14_PID.X.debug.o
                idloc                            200000   200000       20        0       5
                config                           300000   300000        A        0       4
                smallconst                         2600     2600       28     1300       0
                ivt0x8                                8        8       14        4       0
                text70                             74FC     74FC       2C     1314       0
                text69                             76B2     76B2        6     1314       0
                text68                             76BE     76BE        2     1314       0
                text67                             76BC     76BC        2     1314       0
                text66                             69FC     69FC       C6     1314       0
                text65                             6E88     6E88       6A     1314       0
                text64                             74D0     74D0       2C     1314       0
                text63                             7000     7000       56     1314       0
                text62                             75C0     75C0       22     1314       0
                text61                             74A2     74A2       2E     1314       0
                text60                             5578     5578      39A     1314       0
                text59                             6CDC     6CDC       AA     1314       0
                text58                             6662     6662      104     1314       0
                text57                             4DB2     4DB2      42A     1314       0
                text56                             7436     7436       38     1314       0
                text55                             7576     7576       26     1314       0
                text54                             6196     6196      1B4     1314       0
                text53                             2628     2628     1060     1314       0
                text52                             73FE     73FE       38     1314       0
                text51                             634A     634A      10A     1314       0
                text50                             51DC     51DC      39C     1314       0
                text49                             655C     655C      106     1314       0
                text48                             4986     4986      42C     1314       0
                text47                             4080     4080      4C2     1314       0
                text46                             7190     7190       48     1314       0
                text45                             4542     4542      444     1314       0
                text44                             73C6     73C6       38     1314       0
                text43                             76BA     76BA        2     1314       0
                text42                             72A0     72A0       40     1314       0
                text41                             71D8     71D8       46     1314       0
                text40                             6F4E     6F4E       5A     1314       0
                text39                             7354     7354       3A     1314       0
                text38                             5FDE     5FDE      1B8     1314       0
                text37                             731A     731A       3A     1314       0
                text36                             6C30     6C30       AC     1314       0
                text35                             72E0     72E0       3A     1314       0
                text34                             6454     6454      108     1314       0
                text33                             6766     6766      100     1314       0
                text32                             5DC8     5DC8      216     1314       0
                text31                             6FA8     6FA8       58     1314       0
                text30                             70A8     70A8       52     1314       0
                text29                             76B8     76B8        2     1314       0
                text28                             6866     6866       CC     1314       0
                text27                             7148     7148       48     1314       0
                text26                             6E16     6E16       72     1314       0
                text25                             7260     7260       40     1314       0
                text24                             3688     3688      9F8     1314       0
                text23                             7528     7528       28     1314       0
                text22                             6932     6932       CA     1314       0
                text21                             5BA2     5BA2      226     1314       0
                text20                             7056     7056       52     1314       0
                text19                             70FA     70FA       4E     1314       0
                text18                             5912     5912      290     1314       0
                text17                             6D86     6D86       90     1314       0
                text16                             76A6     76A6        C     1314       0
                text15                             761E     761E       1C     1314       0
                text14                             6B80     6B80       B0     1314       0
                text13                             759C     759C       24     1314       0
                text12                             763A     763A       18     1314       0
                text11                             7698     7698        E     1314       0
                text10                             721E     721E       42     1314       0
                text9                              738E     738E       38     1314       0
                text8                              7600     7600       1E     1314       0
                text7                              768A     768A        E     1314       0
                text6                              767C     767C        E     1314       0
                text5                              766E     766E        E     1314       0
                text4                              7660     7660        E     1314       0
                text3                              7652     7652        E     1314       0
                text2                              6AC2     6AC2       BE     1314       0
                text1                              7550     7550       26     1314       0
                text0                              75E2     75E2       1E     1314       0
                cstackCOMRAM                        501      501       38      501       1
                cstackBANK5                         560      560       9F      560       1
                cstackBANK6                         6A5      6A5       27      600       1
                bssBANK7                            700      700       64      700       1
                dataBANK6                           671      671       34      600       1
                bssBANK6                            600      600       71      600       1
                bssBANK5                            5FF      5FF        1      560       1
                bssCOMRAM                           539      539       24      501       1
                cinit                              6EF2     6EF2       5C     1314       0
                nvBANK6                             6CC      6CC        F      600       1
                nvCOMRAM                            55D      55D        3      501       1
                idataBANK6                         746E     746E       34     1314       0

TOTAL           Name                               Link     Load   Length     Space
        CLASS   CODE           
                init                                 1C       1C        4         0
                reset_vec                             0        0        4         0
                ivt0x8                                8        8       14         0
                text70                             74FC     74FC       2C         0
                text69                             76B2     76B2        6         0
                text68                             76BE     76BE        2         0
                text67                             76BC     76BC        2         0
                text66                             69FC     69FC       C6         0
                text65                             6E88     6E88       6A         0
                text64                             74D0     74D0       2C         0
                text63                             7000     7000       56         0
                text62                             75C0     75C0       22         0
                text61                             74A2     74A2       2E         0
                text60                             5578     5578      39A         0
                text59                             6CDC     6CDC       AA         0
                text58                             6662     6662      104         0
                text57                             4DB2     4DB2      42A         0
                text56                             7436     7436       38         0
                text55                             7576     7576       26         0
                text54                             6196     6196      1B4         0
                text53                             2628     2628     1060         0
                text52                             73FE     73FE       38         0
                text51                             634A     634A      10A         0
                text50                             51DC     51DC      39C         0
                text49                             655C     655C      106         0
                text48                             4986     4986      42C         0
                text47                             4080     4080      4C2         0
                text46                             7190     7190       48         0
                text45                             4542     4542      444         0
                text44                             73C6     73C6       38         0
                text43                             76BA     76BA        2         0
                text42                             72A0     72A0       40         0
                text41                             71D8     71D8       46         0
                text40                             6F4E     6F4E       5A         0
                text39                             7354     7354       3A         0
                text38                             5FDE     5FDE      1B8         0
                text37                             731A     731A       3A         0
                text36                             6C30     6C30       AC         0
                text35                             72E0     72E0       3A         0
                text34                             6454     6454      108         0
                text33                             6766     6766      100         0
                text32                             5DC8     5DC8      216         0
                text31                             6FA8     6FA8       58         0
                text30                             70A8     70A8       52         0
                text29                             76B8     76B8        2         0
                text28                             6866     6866       CC         0
                text27                             7148     7148       48         0
                text26                             6E16     6E16       72         0
                text25                             7260     7260       40         0
                text24                             3688     3688      9F8         0
                text23                             7528     7528       28         0
                text22                             6932     6932       CA         0
                text21                             5BA2     5BA2      226         0
                text20                             7056     7056       52         0
                text19                             70FA     70FA       4E         0
                text18                             5912     5912      290         0
                text17                             6D86     6D86       90         0
                text16                             76A6     76A6        C         0
                text15                             761E     761E       1C         0
                text14                             6B80     6B80       B0         0
                text13                             759C     759C       24         0
                text12                             763A     763A       18         0
                text11                             7698     7698        E         0
                text10                             721E     721E       42         0
                text9                              738E     738E       38         0
                text8                              7600     7600       1E         0
                text7                              768A     768A        E         0
                text6                              767C     767C        E         0
                text5                              766E     766E        E         0
                text4                              7660     7660        E         0
                text3                              7652     7652        E         0
                text2                              6AC2     6AC2       BE         0
                text1                              7550     7550       26         0
                text0                              75E2     75E2       1E         0
                cinit                              6EF2     6EF2       5C         0
                idataBANK6                         746E     746E       34         0

        CLASS   CONST          

        CLASS   SMALLCONST     
                smallconst                         2600     2600       28         0

        CLASS   MEDIUMCONST    

        CLASS   COMRAM         
                cstackCOMRAM                        501      501       38         1
                bssCOMRAM                           539      539       24         1
                nvCOMRAM                            55D      55D        3         1

        CLASS   ABS1           

        CLASS   BIGRAM         

        CLASS   RAM            

        CLASS   BANK5          
                cstackBANK5                         560      560       9F         1
                bssBANK5                            5FF      5FF        1         1

        CLASS   BANK6          
                cstackBANK6                         6A5      6A5       27         1
                dataBANK6                           671      671       34         1
                bssBANK6                            600      600       71         1
                nvBANK6                             6CC      6CC        F         1

        CLASS   BANK7          
                bssBANK7                            700      700       64         1

        CLASS   BANK8          

        CLASS   BANK9          

        CLASS   BANK10         

        CLASS   BANK11         

        CLASS   BANK12         

        CLASS   BANK13         

        CLASS   BANK14         

        CLASS   BANK15         

        CLASS   BANK16         

        CLASS   BANK17         

        CLASS   BANK18         

        CLASS   BANK19         

        CLASS   BANK20         

        CLASS   BANK21         

        CLASS   BANK22         

        CLASS   BANK23         

        CLASS   BANK24         

        CLASS   BANK25         

        CLASS   BANK26         

        CLASS   BANK27         

        CLASS   BANK28         

        CLASS   BANK29         

        CLASS   BANK30         

        CLASS   BANK31         

        CLASS   BANK32         

        CLASS   BANK33         

        CLASS   BANK34         

        CLASS   BANK35         

        CLASS   BANK36         

        CLASS   BANK37         

        CLASS   SFR            

        CLASS   BIGSFR         

        CLASS   CONFIG         
                config                           300000   300000        A         4

        CLASS   IDLOC          
                idloc                            200000   200000       20         5

        CLASS   EEDATA         

        CLASS   FARRAM         

        CLASS   HEAP           

        CLASS   STACK          



SEGMENTS        Name                           Load    Length   Top    Selector   Space  Class

                reset_vec                      000000  000004  000004         0       0  CODE    
                ivt0x8                         000008  000018  000020         4       0  CODE    
                cstackCOMRAM                   000501  00005F  000560       501       1  COMRAM  
                cstackBANK5                    000560  0000A0  000600       560       1  BANK5   
                bssBANK6                       000600  0000DB  0006DB       600       1  BANK6   
                bssBANK7                       000700  000064  000764       700       1  BANK7   
                smallconst                     002600  000028  002628      1300       0  SMALLCON
                text53                         002628  005098  0076C0      1314       0  CODE    


UNUSED ADDRESS RANGES

        Name                Unused          Largest block    Delta
        BANK10           000A00-000AFF              100
        BANK11           000B00-000BFF              100
        BANK12           000C00-000CFF              100
        BANK13           000D00-000DFF              100
        BANK14           000E00-000EFF              100
        BANK15           000F00-000FFF              100
        BANK16           001000-0010FF              100
        BANK17           001100-0011FF              100
        BANK18           001200-0012FF              100
        BANK19           001300-0013FF              100
        BANK20           001400-0014FF              100
        BANK21           001500-0015FF              100
        BANK22           001600-0016FF              100
        BANK23           001700-0017FF              100
        BANK24           001800-0018FF              100
        BANK25           001900-0019FF              100
        BANK26           001A00-001AFF              100
        BANK27           001B00-001BFF              100
        BANK28           001C00-001CFF              100
        BANK29           001D00-001DFF              100
        BANK30           001E00-001EFF              100
        BANK31           001F00-001FFF              100
        BANK32           002000-0020FF              100
        BANK33           002100-0021FF              100
        BANK34           002200-0022FF              100
        BANK35           002300-0023FF              100
        BANK36           002400-0024FF              100
        BANK37           002500-0025FF              100
        BANK6            0006DB-0006FF               25
        BANK7            000764-0007FF               9C
        BANK8            000800-0008FF              100
        BANK9            000900-0009FF              100
        BIGRAM           0006DB-0006FF               25
                         000764-0025FF             1E9C
        BIGSFR           000000-0004FF              500
        CODE             000004-000007                4
                         000020-0025FF             25E0
                         0076C0-01FFFF            18940
        CONFIG           30000A-300011                8
        CONST            000004-000007                4
                         000020-0025FF             25E0
                         0076C0-01FFFF            18940
        EEDATA           380000-3803FF              400
        MEDIUMCONST      0076C0-00FFFF             8940
                         012600-01FFFF             DA00
        RAM              0006DB-0006FF               25
                         000764-0025FF              100
        SFR              000000-0004FF              100
        SMALLCONST       0076C0-01FFFF              100

                                  Symbol Table

?_ControladorPID_Calculo                      cstackBANK5  0005A2
?___fladd                                     cstackBANK5  000560
?___fldiv                                     cstackBANK5  000589
?___flmul                                     cstackBANK5  000570
?___flneg                                     cstackBANK5  000560
?___flsub                                     cstackBANK5  000589
?___fltol                                     cstackBANK5  000560
?___fpclassifyf                               cstackBANK5  000560
?___lmul                                      cstackCOMRAM 000501
?___wmul                                      cstackBANK5  000560
?___xxtofl                                    cstackBANK5  000560
?_floorf                                      cstackBANK5  0005A2
?_isdigit                                     cstackCOMRAM 000501
?_isxdigit                                    cstackCOMRAM 000501
?_labs                                        cstackBANK5  000560
?_nanf                                        cstackCOMRAM 000501
?_read_prec_or_width                          cstackBANK5  000566
?_sprintf                                     cstackBANK6  0006A5
?_strtof                                      cstackCOMRAM 00051A
?_toupper                                     cstackCOMRAM 000501
?_vfprintf                                    cstackBANK5  0005F9
?i2___fldiv                                   cstackCOMRAM 000501
?i2___flmul                                   cstackCOMRAM 000501
?i2___flneg                                   cstackCOMRAM 000501
?i2___wmul                                    cstackCOMRAM 000501
?i2___xxtofl                                  cstackCOMRAM 000501
ControladorPID_Calculo@error                  cstackBANK5  0005BC
ControladorPID_Calculo@medicion               cstackBANK5  0005A8
ControladorPID_Calculo@pid                    cstackBANK5  0005A2
ControladorPID_Calculo@referencia             cstackBANK5  0005A4
Controlador_PID@pid                           cstackBANK6  0006C7
IVTBASEH                                      (abs)        00045E
IVTBASEL                                      (abs)        00045D
IVTBASEU                                      (abs)        00045F
PWM1_LoadDutyValue@dutyValue                  cstackBANK5  00056A
TMR0_SetInterruptHandler@InterruptHandler     cstackBANK6  0006C7
UART1_SetErrorHandler@interruptHandler        cstackBANK6  0006C7
UART1_SetFramingErrorHandler@interruptHandler cstackBANK6  0006C7
UART1_SetOverrunErrorHandler@interruptHandler cstackBANK6  0006C7
UART1_SetRxInterruptHandler@InterruptHandler  cstackBANK6  0006C7
UART1_SetTxInterruptHandler@InterruptHandler  cstackBANK6  0006C7
UART1_Write@txData                            cstackBANK5  000560
UART_Print_String@a                           cstackBANK5  000561
UART_Print_String@ptr                         cstackBANK5  000563
_ACTCON                                       (abs)        0000AC
_ANSELA                                       (abs)        000400
_ANSELB                                       (abs)        000408
_ANSELC                                       (abs)        000410
_ANSELD                                       (abs)        000418
_ANSELE                                       (abs)        000420
_ANSELF                                       (abs)        000428
_CCP1CON                                      (abs)        000342
_CCP1CONbits                                  (abs)        000342
_CCPR1H                                       (abs)        000341
_CCPR1L                                       (abs)        000340
_CCPTMRS0bits                                 (abs)        00034C
_ControladorPID_Calculo                       text45       004542
_ControladorPID_Calculo$2444                  cstackBANK5  0005AC
_ControladorPID_Calculo$2445                  cstackBANK5  0005B0
_ControladorPID_Calculo$2446                  cstackBANK5  0005B4
_ControladorPID_Calculo$2447                  cstackBANK5  0005B8
_Controlador_PID                              text17       006D86
_FrecAngular                                  bssBANK6     000610
_INLVLA                                       (abs)        000404
_INLVLB                                       (abs)        00040C
_INLVLC                                       (abs)        000414
_INLVLD                                       (abs)        00041C
_INLVLE                                       (abs)        000424
_INLVLF                                       (abs)        00042C
_INTCON0bits                                  (abs)        0004D6
_INTERRUPT_Initialize                         text16       0076A6
_INTERRUPT_InterruptManagerHigh               text51       00634A
_INTERRUPT_InterruptManagerLow                text18       005912
_INTERRUPT_InterruptManagerLow$2443           cstackBANK6  0006C3
_IPR3bits                                     (abs)        000365
_IPR4bits                                     (abs)        000366
_LATA                                         (abs)        0004BE
_LATB                                         (abs)        0004BF
_LATC                                         (abs)        0004C0
_LATD                                         (abs)        0004C1
_LATE                                         (abs)        0004C2
_LATEbits                                     (abs)        0004C2
_LATF                                         (abs)        0004C3
_MotorDC                                      dataBANK6    000671
_ODCONA                                       (abs)        000402
_ODCONB                                       (abs)        00040A
_ODCONC                                       (abs)        000412
_ODCOND                                       (abs)        00041A
_ODCONE                                       (abs)        000422
_ODCONF                                       (abs)        00042A
_OSCCON1                                      (abs)        0000AD
_OSCCON3                                      (abs)        0000AF
_OSCEN                                        (abs)        0000B3
_OSCFRQ                                       (abs)        0000B1
_OSCILLATOR_Initialize                        text15       00761E
_OSCTUNE                                      (abs)        0000B0
_PIE3bits                                     (abs)        0004A1
_PIE4bits                                     (abs)        0004A2
_PIN_MANAGER_Initialize                       text14       006B80
_PIR3bits                                     (abs)        0004B1
_PIR4bits                                     (abs)        0004B2
_PMD0                                         (abs)        000060
_PMD1                                         (abs)        000061
_PMD3                                         (abs)        000063
_PMD4                                         (abs)        000064
_PMD5                                         (abs)        000065
_PMD6                                         (abs)        000066
_PMD7                                         (abs)        000067
_PMD8                                         (abs)        000068
_PMD_Initialize                               text13       00759C
_PR2                                          (abs)        000323
_PULSOS                                       bssBANK6     000616
_PWM1_Initialize                              text12       00763A
_PWM1_LoadDutyValue                           text44       0073C6
_RB1I2C                                       (abs)        000289
_RB2I2C                                       (abs)        000288
_RC3I2C                                       (abs)        000287
_RC4I2C                                       (abs)        000286
_RF0PPS                                       (abs)        000229
_RF2PPS                                       (abs)        00022B
_SLRCONA                                      (abs)        000403
_SLRCONB                                      (abs)        00040B
_SLRCONC                                      (abs)        000413
_SLRCOND                                      (abs)        00041B
_SLRCONE                                      (abs)        000423
_SLRCONF                                      (abs)        00042B
_SYSTEM_Initialize                            text1        007550
_T0CON0                                       (abs)        00031A
_T0CON0bits                                   (abs)        00031A
_T0CON1                                       (abs)        00031B
_T1CKIPPS                                     (abs)        000242
_T1CLK                                        (abs)        000321
_T1CON                                        (abs)        00031E
_T1CONbits                                    (abs)        00031E
_T1GATE                                       (abs)        000320
_T1GCON                                       (abs)        00031F
_T1GCONbits                                   (abs)        00031F
_T2CLKCON                                     (abs)        000326
_T2CON                                        (abs)        000324
_T2CONbits                                    (abs)        000324
_T2HLT                                        (abs)        000325
_T2HLTbits                                    (abs)        000325
_T2PR                                         (abs)        000323
_T2RST                                        (abs)        000327
_T2RSTbits                                    (abs)        000327
_T2TMR                                        (abs)        000322
_TMR0H                                        (abs)        000319
_TMR0L                                        (abs)        000318
_TMR0_DefaultInterruptHandler                 text43       0076BA
_TMR0_ISR                                     text42       0072A0
_TMR0_Initialize                              text10       00721E
_TMR0_InterruptHandler                        nvBANK6      0006CC
_TMR0_SetInterruptHandler                     text11       007698
_TMR1H                                        (abs)        00031D
_TMR1L                                        (abs)        00031C
_TMR1_Initialize                              text9        00738E
_TMR2                                         (abs)        000322
_TMR2_Initialize                              text8        007600
_TRISA                                        (abs)        0004C6
_TRISB                                        (abs)        0004C7
_TRISC                                        (abs)        0004C8
_TRISD                                        (abs)        0004C9
_TRISE                                        (abs)        0004CA
_TRISF                                        (abs)        0004CB
_U                                            bssBANK6     000608
_U1BRGH                                       (abs)        0002AF
_U1BRGL                                       (abs)        0002AE
_U1CON0                                       (abs)        0002AB
_U1CON1                                       (abs)        0002AC
_U1CON2                                       (abs)        0002AD
_U1ERRIE                                      (abs)        0002B3
_U1ERRIR                                      (abs)        0002B2
_U1ERRIRbits                                  (abs)        0002B2
_U1FIFO                                       (abs)        0002B0
_U1P1H                                        (abs)        0002A6
_U1P1L                                        (abs)        0002A5
_U1P2H                                        (abs)        0002A8
_U1P2L                                        (abs)        0002A7
_U1P3H                                        (abs)        0002AA
_U1P3L                                        (abs)        0002A9
_U1RXB                                        (abs)        0002A1
_U1RXPPS                                      (abs)        000272
_U1TXB                                        (abs)        0002A3
_U1UIR                                        (abs)        0002B1
_UART1_DefaultErrorHandler                    text69       0076B2
_UART1_DefaultFramingErrorHandler             text68       0076BE
_UART1_DefaultOverrunErrorHandler             text67       0076BC
_UART1_ErrorHandler                           nvBANK6      0006CF
_UART1_FramingErrorHandler                    nvBANK6      0006D5
_UART1_Initialize                             text2        006AC2
_UART1_OverrunErrorHandler                    nvBANK6      0006D2
_UART1_Receive_ISR                            text66       0069FC
_UART1_RxDataHandler                          text70       0074FC
_UART1_RxInterruptHandler                     nvCOMRAM     00055D
_UART1_SetErrorHandler                        text7        00768A
_UART1_SetFramingErrorHandler                 text6        00767C
_UART1_SetOverrunErrorHandler                 text5        00766E
_UART1_SetRxInterruptHandler                  text4        007660
_UART1_SetTxInterruptHandler                  text3        007652
_UART1_Transmit_ISR                           text41       0071D8
_UART1_TxInterruptHandler                     nvBANK6      0006D8
_UART1_Write                                  text40       006F4E
_UART_Print_String                            text39       007354
_WPUA                                         (abs)        000401
_WPUB                                         (abs)        000409
_WPUC                                         (abs)        000411
_WPUD                                         (abs)        000419
_WPUE                                         (abs)        000421
_WPUF                                         (abs)        000429
__HRAM                                        (abs)        000000
__H__absolute__                               __absolute__ 000000
__Habs1                                       abs1         000000
__Hbank10                                     bank10       000000
__Hbank11                                     bank11       000000
__Hbank12                                     bank12       000000
__Hbank13                                     bank13       000000
__Hbank14                                     bank14       000000
__Hbank15                                     bank15       000000
__Hbank16                                     bank16       000000
__Hbank17                                     bank17       000000
__Hbank18                                     bank18       000000
__Hbank19                                     bank19       000000
__Hbank20                                     bank20       000000
__Hbank21                                     bank21       000000
__Hbank22                                     bank22       000000
__Hbank23                                     bank23       000000
__Hbank24                                     bank24       000000
__Hbank25                                     bank25       000000
__Hbank26                                     bank26       000000
__Hbank27                                     bank27       000000
__Hbank28                                     bank28       000000
__Hbank29                                     bank29       000000
__Hbank30                                     bank30       000000
__Hbank31                                     bank31       000000
__Hbank32                                     bank32       000000
__Hbank33                                     bank33       000000
__Hbank34                                     bank34       000000
__Hbank35                                     bank35       000000
__Hbank36                                     bank36       000000
__Hbank37                                     bank37       000000
__Hbank5                                      bank5        000000
__Hbank6                                      bank6        000000
__Hbank7                                      bank7        000000
__Hbank8                                      bank8        000000
__Hbank9                                      bank9        000000
__Hbigbss                                     bigbss       000000
__Hbigdata                                    bigdata      000000
__Hbigram                                     bigram       000000
__Hbigsfr                                     bigsfr       000000
__Hbss                                        bss          000000
__HbssBANK5                                   bssBANK5     000000
__HbssBANK6                                   bssBANK6     000000
__HbssBANK7                                   bssBANK7     000000
__HbssCOMRAM                                  bssCOMRAM    000000
__Hcinit                                      cinit        000000
__Hclrtext                                    clrtext      000000
__Hcomram                                     comram       000000
__Hconfig                                     config       30000A
__Hconst                                      const        000000
__HcstackBANK5                                cstackBANK5  000000
__HcstackBANK6                                cstackBANK6  000000
__HcstackCOMRAM                               cstackCOMRAM 000000
__Hdata                                       data         000000
__HdataBANK6                                  dataBANK6    000000
__Heeprom_data                                eeprom_data  000000
__Hfarbss                                     farbss       000000
__Hfardata                                    fardata      000000
__Hheap                                       heap         000000
__Hibigdata                                   ibigdata     000000
__Hidata                                      idata        000000
__HidataBANK6                                 idataBANK6   000000
__Hidloc                                      idloc        200020
__Hifardata                                   ifardata     000000
__Hinit                                       init         000020
__Hintsave_regs                               intsave_regs 000000
__Hirdata                                     irdata       000000
__Hivt0x8                                     ivt0x8       00001C
__Hmediumconst                                mediumconst  000000
__HnvBANK6                                    nvBANK6      000000
__HnvCOMRAM                                   nvCOMRAM     000000
__HnvFARRAM                                   nvFARRAM     000000
__Hnvbit                                      nvbit        000000
__Hnvrram                                     nvrram       000000
__Hparam                                      rparam       000000
__Hpowerup                                    powerup      000000
__Hram                                        ram          000000
__Hramtop                                     ramtop       002600
__Hrbit                                       rbit         000000
__Hrbss                                       rbss         000000
__Hrdata                                      rdata        000000
__Hreset_vec                                  reset_vec    000004
__Hrparam                                     rparam       000000
__Hsfr                                        sfr          000000
__Hsmallconst                                 smallconst   002628
__Hspace_0                                    (abs)        0076C0
__Hspace_1                                    (abs)        000764
__Hspace_2                                    (abs)        000000
__Hspace_4                                    (abs)        60000A
__Hstack                                      stack        000000
__Hstruct                                     struct       000000
__Htemp                                       temp         000000
__Htext                                       text         000000
__Htext0                                      text0        000000
__Htext1                                      text1        000000
__Htext10                                     text10       000000
__Htext11                                     text11       000000
__Htext12                                     text12       000000
__Htext13                                     text13       000000
__Htext14                                     text14       000000
__Htext15                                     text15       000000
__Htext16                                     text16       000000
__Htext17                                     text17       000000
__Htext18                                     text18       000000
__Htext19                                     text19       000000
__Htext2                                      text2        000000
__Htext20                                     text20       000000
__Htext21                                     text21       000000
__Htext22                                     text22       000000
__Htext23                                     text23       000000
__Htext24                                     text24       000000
__Htext25                                     text25       000000
__Htext26                                     text26       000000
__Htext27                                     text27       000000
__Htext28                                     text28       000000
__Htext29                                     text29       000000
__Htext3                                      text3        000000
__Htext30                                     text30       000000
__Htext31                                     text31       000000
__Htext32                                     text32       000000
__Htext33                                     text33       000000
__Htext34                                     text34       000000
__Htext35                                     text35       000000
__Htext36                                     text36       000000
__Htext37                                     text37       000000
__Htext38                                     text38       000000
__Htext39                                     text39       000000
__Htext4                                      text4        000000
__Htext40                                     text40       000000
__Htext41                                     text41       000000
__Htext42                                     text42       000000
__Htext43                                     text43       000000
__Htext44                                     text44       000000
__Htext45                                     text45       000000
__Htext46                                     text46       000000
__Htext47                                     text47       000000
__Htext48                                     text48       000000
__Htext49                                     text49       000000
__Htext5                                      text5        000000
__Htext50                                     text50       000000
__Htext51                                     text51       000000
__Htext52                                     text52       000000
__Htext53                                     text53       000000
__Htext54                                     text54       000000
__Htext55                                     text55       000000
__Htext56                                     text56       000000
__Htext57                                     text57       000000
__Htext58                                     text58       000000
__Htext59                                     text59       000000
__Htext6                                      text6        000000
__Htext60                                     text60       000000
__Htext61                                     text61       000000
__Htext62                                     text62       000000
__Htext63                                     text63       000000
__Htext64                                     text64       000000
__Htext65                                     text65       000000
__Htext66                                     text66       000000
__Htext67                                     text67       000000
__Htext68                                     text68       000000
__Htext69                                     text69       000000
__Htext7                                      text7        000000
__Htext70                                     text70       000000
__Htext8                                      text8        000000
__Htext9                                      text9        000000
__LRAM                                        (abs)        000001
__L__absolute__                               __absolute__ 000000
__Labs1                                       abs1         000000
__Lbank10                                     bank10       000000
__Lbank11                                     bank11       000000
__Lbank12                                     bank12       000000
__Lbank13                                     bank13       000000
__Lbank14                                     bank14       000000
__Lbank15                                     bank15       000000
__Lbank16                                     bank16       000000
__Lbank17                                     bank17       000000
__Lbank18                                     bank18       000000
__Lbank19                                     bank19       000000
__Lbank20                                     bank20       000000
__Lbank21                                     bank21       000000
__Lbank22                                     bank22       000000
__Lbank23                                     bank23       000000
__Lbank24                                     bank24       000000
__Lbank25                                     bank25       000000
__Lbank26                                     bank26       000000
__Lbank27                                     bank27       000000
__Lbank28                                     bank28       000000
__Lbank29                                     bank29       000000
__Lbank30                                     bank30       000000
__Lbank31                                     bank31       000000
__Lbank32                                     bank32       000000
__Lbank33                                     bank33       000000
__Lbank34                                     bank34       000000
__Lbank35                                     bank35       000000
__Lbank36                                     bank36       000000
__Lbank37                                     bank37       000000
__Lbank5                                      bank5        000000
__Lbank6                                      bank6        000000
__Lbank7                                      bank7        000000
__Lbank8                                      bank8        000000
__Lbank9                                      bank9        000000
__Lbigbss                                     bigbss       000000
__Lbigdata                                    bigdata      000000
__Lbigram                                     bigram       000000
__Lbigsfr                                     bigsfr       000000
__Lbss                                        bss          000000
__LbssBANK5                                   bssBANK5     000000
__LbssBANK6                                   bssBANK6     000000
__LbssBANK7                                   bssBANK7     000000
__LbssCOMRAM                                  bssCOMRAM    000000
__Lcinit                                      cinit        000000
__Lclrtext                                    clrtext      000000
__Lcomram                                     comram       000000
__Lconfig                                     config       000000
__Lconst                                      const        000000
__LcstackBANK5                                cstackBANK5  000000
__LcstackBANK6                                cstackBANK6  000000
__LcstackCOMRAM                               cstackCOMRAM 000000
__Ldata                                       data         000000
__LdataBANK6                                  dataBANK6    000000
__Leeprom_data                                eeprom_data  000000
__Lfarbss                                     farbss       000000
__Lfardata                                    fardata      000000
__Lheap                                       heap         000000
__Libigdata                                   ibigdata     000000
__Lidata                                      idata        000000
__LidataBANK6                                 idataBANK6   000000
__Lidloc                                      idloc        000000
__Lifardata                                   ifardata     000000
__Linit                                       init         00001C
__Lintsave_regs                               intsave_regs 000000
__Lirdata                                     irdata       000000
__Livt0x8                                     ivt0x8       000008
__Lmediumconst                                mediumconst  000000
__LnvBANK6                                    nvBANK6      000000
__LnvCOMRAM                                   nvCOMRAM     000000
__LnvFARRAM                                   nvFARRAM     000000
__Lnvbit                                      nvbit        000000
__Lnvrram                                     nvrram       000000
__Lparam                                      rparam       000000
__Lpowerup                                    powerup      000000
__Lram                                        ram          000000
__Lramtop                                     ramtop       002600
__Lrbit                                       rbit         000000
__Lrbss                                       rbss         000000
__Lrdata                                      rdata        000000
__Lreset_vec                                  reset_vec    000000
__Lrparam                                     rparam       000000
__Lsfr                                        sfr          000000
__Lsmallconst                                 smallconst   002600
__Lspace_0                                    (abs)        000000
__Lspace_1                                    (abs)        000000
__Lspace_2                                    (abs)        000000
__Lspace_4                                    (abs)        000000
__Lstack                                      stack        000000
__Lstruct                                     struct       000000
__Ltemp                                       temp         000000
__Ltext                                       text         000000
__Ltext0                                      text0        000000
__Ltext1                                      text1        000000
__Ltext10                                     text10       000000
__Ltext11                                     text11       000000
__Ltext12                                     text12       000000
__Ltext13                                     text13       000000
__Ltext14                                     text14       000000
__Ltext15                                     text15       000000
__Ltext16                                     text16       000000
__Ltext17                                     text17       000000
__Ltext18                                     text18       000000
__Ltext19                                     text19       000000
__Ltext2                                      text2        000000
__Ltext20                                     text20       000000
__Ltext21                                     text21       000000
__Ltext22                                     text22       000000
__Ltext23                                     text23       000000
__Ltext24                                     text24       000000
__Ltext25                                     text25       000000
__Ltext26                                     text26       000000
__Ltext27                                     text27       000000
__Ltext28                                     text28       000000
__Ltext29                                     text29       000000
__Ltext3                                      text3        000000
__Ltext30                                     text30       000000
__Ltext31                                     text31       000000
__Ltext32                                     text32       000000
__Ltext33                                     text33       000000
__Ltext34                                     text34       000000
__Ltext35                                     text35       000000
__Ltext36                                     text36       000000
__Ltext37                                     text37       000000
__Ltext38                                     text38       000000
__Ltext39                                     text39       000000
__Ltext4                                      text4        000000
__Ltext40                                     text40       000000
__Ltext41                                     text41       000000
__Ltext42                                     text42       000000
__Ltext43                                     text43       000000
__Ltext44                                     text44       000000
__Ltext45                                     text45       000000
__Ltext46                                     text46       000000
__Ltext47                                     text47       000000
__Ltext48                                     text48       000000
__Ltext49                                     text49       000000
__Ltext5                                      text5        000000
__Ltext50                                     text50       000000
__Ltext51                                     text51       000000
__Ltext52                                     text52       000000
__Ltext53                                     text53       000000
__Ltext54                                     text54       000000
__Ltext55                                     text55       000000
__Ltext56                                     text56       000000
__Ltext57                                     text57       000000
__Ltext58                                     text58       000000
__Ltext59                                     text59       000000
__Ltext6                                      text6        000000
__Ltext60                                     text60       000000
__Ltext61                                     text61       000000
__Ltext62                                     text62       000000
__Ltext63                                     text63       000000
__Ltext64                                     text64       000000
__Ltext65                                     text65       000000
__Ltext66                                     text66       000000
__Ltext67                                     text67       000000
__Ltext68                                     text68       000000
__Ltext69                                     text69       000000
__Ltext7                                      text7        000000
__Ltext70                                     text70       000000
__Ltext8                                      text8        000000
__Ltext9                                      text9        000000
__S0                                          (abs)        0076C0
__S1                                          (abs)        000764
__S4                                          (abs)        000000
__S5                                          (abs)        000000
___fladd                                      text47       004080
___fladd@a                                    cstackBANK5  000564
___fladd@aexp                                 cstackBANK5  00056D
___fladd@b                                    cstackBANK5  000560
___fladd@bexp                                 cstackBANK5  00056E
___fladd@grs                                  cstackBANK5  00056F
___fladd@signs                                cstackBANK5  00056C
___fldiv                                      text50       0051DC
___fldiv@a                                    cstackBANK5  00058D
___fldiv@aexp                                 cstackBANK5  0005A1
___fldiv@b                                    cstackBANK5  000589
___fldiv@bexp                                 cstackBANK5  0005A0
___fldiv@grs                                  cstackBANK5  00059C
___fldiv@new_exp                              cstackBANK5  00059A
___fldiv@rem                                  cstackBANK5  000595
___fldiv@sign                                 cstackBANK5  000599
___fleq                                       text36       006C30
___fleq@ff1                                   cstackBANK5  000560
___fleq@ff2                                   cstackBANK5  000564
___flge                                       text49       00655C
___flge@ff1                                   cstackBANK5  000589
___flge@ff2                                   cstackBANK5  00058D
___flmul                                      text48       004986
___flmul@a                                    cstackBANK5  000574
___flmul@aexp                                 cstackBANK5  000581
___flmul@b                                    cstackBANK5  000570
___flmul@bexp                                 cstackBANK5  000582
___flmul@grs                                  cstackBANK5  00057D
___flmul@prod                                 cstackBANK5  000583
___flmul@sign                                 cstackBANK5  00057C
___flmul@temp                                 cstackBANK5  000587
___flneg                                      text35       0072E0
___flneg@f1                                   cstackBANK5  000560
___flsub                                      text46       007190
___flsub@a                                    cstackBANK5  00058D
___flsub@b                                    cstackBANK5  000589
___fltol                                      text34       006454
___fltol@exp1                                 cstackBANK5  000569
___fltol@f1                                   cstackBANK5  000560
___fltol@sign1                                cstackBANK5  000568
___fpclassifyf                                text33       006766
___fpclassifyf@F465                           bssCOMRAM    00054D
___fpclassifyf@e                              cstackBANK5  000568
___fpclassifyf@u                              cstackBANK5  00056A
___fpclassifyf@x                              cstackBANK5  000560
___heap_hi                                    (abs)        000000
___heap_lo                                    (abs)        000000
___inthi_sp                                   stack        000000
___inthi_stack_hi                             stack        000000
___inthi_stack_lo                             stack        000000
___intlo_sp                                   stack        000000
___intlo_stack_hi                             stack        000000
___intlo_stack_lo                             stack        000000
___lmul                                       text65       006E88
___lmul@multiplicand                          cstackCOMRAM 000505
___lmul@multiplier                            cstackCOMRAM 000501
___lmul@product                               cstackCOMRAM 000509
___param_bank                                 (abs)        000000
___rparam_used                                (abs)        000001
___sp                                         stack        000000
___stack_hi                                   stack        000000
___stack_lo                                   stack        000000
___wmul                                       text23       007528
___wmul@multiplicand                          cstackBANK5  000562
___wmul@multiplier                            cstackBANK5  000560
___wmul@product                               cstackBANK5  000564
___xxtofl                                     text38       005FDE
___xxtofl@arg                                 cstackBANK5  00056A
___xxtofl@exp                                 cstackBANK5  000569
___xxtofl@sign                                cstackBANK5  000568
___xxtofl@val                                 cstackBANK5  000560
__accesstop                                   (abs)        000560
__activetblptr                                (abs)        000003
__end_of_ControladorPID_Calculo               text45       004986
__end_of_Controlador_PID                      text17       006E16
__end_of_INTERRUPT_Initialize                 text16       0076B2
__end_of_INTERRUPT_InterruptManagerHigh       text51       006454
__end_of_INTERRUPT_InterruptManagerLow        text18       005BA2
__end_of_OSCILLATOR_Initialize                text15       00763A
__end_of_PIN_MANAGER_Initialize               text14       006C30
__end_of_PMD_Initialize                       text13       0075C0
__end_of_PWM1_Initialize                      text12       007652
__end_of_PWM1_LoadDutyValue                   text44       0073FE
__end_of_SYSTEM_Initialize                    text1        007576
__end_of_TMR0_DefaultInterruptHandler         text43       0076BC
__end_of_TMR0_ISR                             text42       0072E0
__end_of_TMR0_Initialize                      text10       007260
__end_of_TMR0_SetInterruptHandler             text11       0076A6
__end_of_TMR1_Initialize                      text9        0073C6
__end_of_TMR2_Initialize                      text8        00761E
__end_of_UART1_DefaultErrorHandler            text69       0076B8
__end_of_UART1_DefaultFramingErrorHandler     text68       0076C0
__end_of_UART1_DefaultOverrunErrorHandler     text67       0076BE
__end_of_UART1_Initialize                     text2        006B80
__end_of_UART1_Receive_ISR                    text66       006AC2
__end_of_UART1_RxDataHandler                  text70       007528
__end_of_UART1_SetErrorHandler                text7        007698
__end_of_UART1_SetFramingErrorHandler         text6        00768A
__end_of_UART1_SetOverrunErrorHandler         text5        00767C
__end_of_UART1_SetRxInterruptHandler          text4        00766E
__end_of_UART1_SetTxInterruptHandler          text3        007660
__end_of_UART1_Transmit_ISR                   text41       00721E
__end_of_UART1_Write                          text40       006FA8
__end_of_UART_Print_String                    text39       00738E
__end_of___fladd                              text47       004542
__end_of___fldiv                              text50       005578
__end_of___fleq                               text36       006CDC
__end_of___flge                               text49       006662
__end_of___flmul                              text48       004DB2
__end_of___flneg                              text35       00731A
__end_of___flsub                              text46       0071D8
__end_of___fltol                              text34       00655C
__end_of___fpclassifyf                        text33       006866
__end_of___lmul                               text65       006EF2
__end_of___wmul                               text23       007550
__end_of___xxtofl                             text38       006196
__end_of__initialization                      cinit        006F48
__end_of_efgtoa                               text24       004080
__end_of_floorf                               text32       005FDE
__end_of_fputc                                text28       006932
__end_of_fputs                                text27       007190
__end_of_isdigit                              text64       0074FC
__end_of_isxdigit                             text63       007056
__end_of_labs                                 text31       007000
__end_of_main                                 text0        007600
__end_of_memcpy                               text30       0070FA
__end_of_memset                               text37       007354
__end_of_nanf                                 text62       0075E2
__end_of_pad                                  text26       006E88
__end_of_putch                                text29       0076BA
__end_of_read_prec_or_width                   text22       0069FC
__end_of_sprintf                              text19       007148
__end_of_strcpy                               text25       0072A0
__end_of_strtof                               text53       003688
__end_of_toupper                              text61       0074D0
__end_of_vfpfcnvrt                            text21       005DC8
__end_of_vfprintf                             text20       0070A8
__end_ofi2___fldiv                            text60       005912
__end_ofi2___fleq                             text59       006D86
__end_ofi2___flge                             text58       006766
__end_ofi2___flmul                            text57       0051DC
__end_ofi2___flneg                            text56       00746E
__end_ofi2___wmul                             text55       00759C
__end_ofi2___xxtofl                           text54       00634A
__end_ofi2_memset                             text52       007436
__initialization                              cinit        006EF2
__mediumconst                                 mediumconst  000000
__pbssBANK5                                   bssBANK5     0005FF
__pbssBANK6                                   bssBANK6     000600
__pbssBANK7                                   bssBANK7     000700
__pbssCOMRAM                                  bssCOMRAM    000539
__pcinit                                      cinit        006EF2
__pcstackBANK5                                cstackBANK5  000560
__pcstackBANK6                                cstackBANK6  0006A5
__pcstackCOMRAM                               cstackCOMRAM 000501
__pdataBANK6                                  dataBANK6    000671
__pidataBANK6                                 idataBANK6   00746E
__pivt0x8                                     ivt0x8       000008
__pnvBANK6                                    nvBANK6      0006CC
__pnvCOMRAM                                   nvCOMRAM     00055D
__psmallconst                                 smallconst   002600
__ptext0                                      text0        0075E2
__ptext1                                      text1        007550
__ptext10                                     text10       00721E
__ptext11                                     text11       007698
__ptext12                                     text12       00763A
__ptext13                                     text13       00759C
__ptext14                                     text14       006B80
__ptext15                                     text15       00761E
__ptext16                                     text16       0076A6
__ptext17                                     text17       006D86
__ptext18                                     text18       005912
__ptext19                                     text19       0070FA
__ptext2                                      text2        006AC2
__ptext20                                     text20       007056
__ptext21                                     text21       005BA2
__ptext22                                     text22       006932
__ptext23                                     text23       007528
__ptext24                                     text24       003688
__ptext25                                     text25       007260
__ptext26                                     text26       006E16
__ptext27                                     text27       007148
__ptext28                                     text28       006866
__ptext29                                     text29       0076B8
__ptext3                                      text3        007652
__ptext30                                     text30       0070A8
__ptext31                                     text31       006FA8
__ptext32                                     text32       005DC8
__ptext33                                     text33       006766
__ptext34                                     text34       006454
__ptext35                                     text35       0072E0
__ptext36                                     text36       006C30
__ptext37                                     text37       00731A
__ptext38                                     text38       005FDE
__ptext39                                     text39       007354
__ptext4                                      text4        007660
__ptext40                                     text40       006F4E
__ptext41                                     text41       0071D8
__ptext42                                     text42       0072A0
__ptext43                                     text43       0076BA
__ptext44                                     text44       0073C6
__ptext45                                     text45       004542
__ptext46                                     text46       007190
__ptext47                                     text47       004080
__ptext48                                     text48       004986
__ptext49                                     text49       00655C
__ptext5                                      text5        00766E
__ptext50                                     text50       0051DC
__ptext51                                     text51       00634A
__ptext52                                     text52       0073FE
__ptext53                                     text53       002628
__ptext54                                     text54       006196
__ptext55                                     text55       007576
__ptext56                                     text56       007436
__ptext57                                     text57       004DB2
__ptext58                                     text58       006662
__ptext59                                     text59       006CDC
__ptext6                                      text6        00767C
__ptext60                                     text60       005578
__ptext61                                     text61       0074A2
__ptext62                                     text62       0075C0
__ptext63                                     text63       007000
__ptext64                                     text64       0074D0
__ptext65                                     text65       006E88
__ptext66                                     text66       0069FC
__ptext67                                     text67       0076BC
__ptext68                                     text68       0076BE
__ptext69                                     text69       0076B2
__ptext7                                      text7        00768A
__ptext70                                     text70       0074FC
__ptext8                                      text8        007600
__ptext9                                      text9        00738E
__ramtop                                      ramtop       002600
__smallconst                                  smallconst   002600
_byte                                         bssCOMRAM    00055C
_data_RX                                      bssBANK7     000700
_data_TX                                      bssBANK7     000732
_dbuf                                         bssBANK6     00061D
_efgtoa                                       text24       003688
_efgtoa$1930                                  cstackBANK5  0005C5
_errno                                        bssCOMRAM    000551
_flags                                        bssBANK5     0005FF
_floorf                                       text32       005DC8
_fputc                                        text28       006866
_fputs                                        text27       007148
_isdigit                                      text64       0074D0
_isxdigit                                     text63       007000
_isxdigit$2120                                cstackCOMRAM 000507
_j                                            bssCOMRAM    00055B
_labs                                         text31       006FA8
_main                                         text0        0075E2
_memcpy                                       text30       0070A8
_memset                                       text37       00731A
_nanf                                         text62       0075C0
_pad                                          text26       006E16
_prec                                         bssCOMRAM    000555
_putch                                        text29       0076B8
_read_prec_or_width                           text22       006932
_ref                                          bssBANK6     00060C
_rpm                                          bssBANK6     00066D
_sprintf                                      text19       0070FA
_strcpy                                       text25       007260
_strtof                                       text53       002628
_timer0ReloadVal16bit                         bssBANK6     000614
_timer1ReloadVal                              bssCOMRAM    000557
_toupper                                      text61       0074A2
_uart1RxBuffer                                bssBANK6     000600
_uart1RxCount                                 bssCOMRAM    000559
_uart1RxHead                                  bssBANK6     000619
_uart1RxLastError                             bssBANK6     000618
_uart1RxStatusBuffer                          bssCOMRAM    000539
_uart1RxTail                                  bssCOMRAM    00055A
_uart1TxBuffer                                bssCOMRAM    000541
_uart1TxBufferRemaining                       bssBANK6     00061A
_uart1TxHead                                  bssBANK6     00061C
_uart1TxTail                                  bssBANK6     00061B
_vfpfcnvrt                                    text21       005BA2
_vfprintf                                     text20       007056
_width                                        bssCOMRAM    000553
efgtoa@c                                      cstackBANK5  0005BC
efgtoa@d                                      cstackBANK5  0005CA
efgtoa@e                                      cstackBANK5  0005CE
efgtoa@f                                      cstackBANK5  0005B8
efgtoa@fp                                     cstackBANK5  0005B6
efgtoa@g                                      cstackBANK5  0005E3
efgtoa@h                                      cstackBANK5  0005D8
efgtoa@i                                      cstackBANK5  0005D6
efgtoa@l                                      cstackBANK5  0005DC
efgtoa@m                                      cstackBANK5  0005CC
efgtoa@mode                                   cstackBANK5  0005C8
efgtoa@n                                      cstackBANK5  0005E1
efgtoa@ne                                     cstackBANK5  0005BF
efgtoa@nmode                                  cstackBANK5  0005C9
efgtoa@ou                                     cstackBANK5  0005D2
efgtoa@p                                      cstackBANK5  0005C1
efgtoa@pp                                     cstackBANK5  0005C7
efgtoa@sign                                   cstackBANK5  0005E0
efgtoa@t                                      cstackBANK5  0005C3
efgtoa@u                                      cstackBANK5  0005E7
efgtoa@w                                      cstackBANK5  0005D0
end_of_initialization                         cinit        006F48
floorf@F521                                   bssCOMRAM    000549
floorf@e                                      cstackBANK5  0005B0
floorf@m                                      cstackBANK5  0005AC
floorf@u                                      cstackBANK5  0005B2
floorf@x                                      cstackBANK5  0005A2
fputc@c                                       cstackBANK5  000560
fputc@fp                                      cstackBANK5  000562
fputs@c                                       cstackBANK5  00056D
fputs@fp                                      cstackBANK5  00056B
fputs@i                                       cstackBANK5  00056E
fputs@s                                       cstackBANK5  000569
i2___fldiv                                    text60       005578
i2___fldiv@a                                  cstackCOMRAM 000505
i2___fldiv@aexp                               cstackCOMRAM 000519
i2___fldiv@b                                  cstackCOMRAM 000501
i2___fldiv@bexp                               cstackCOMRAM 000518
i2___fldiv@grs                                cstackCOMRAM 000514
i2___fldiv@new_exp                            cstackCOMRAM 000512
i2___fldiv@rem                                cstackCOMRAM 00050D
i2___fldiv@sign                               cstackCOMRAM 000511
i2___fleq                                     text59       006CDC
i2___fleq@ff1                                 cstackCOMRAM 000501
i2___fleq@ff2                                 cstackCOMRAM 000505
i2___flge                                     text58       006662
i2___flge@ff1                                 cstackCOMRAM 000501
i2___flge@ff2                                 cstackCOMRAM 000505
i2___flmul                                    text57       004DB2
i2___flmul@a                                  cstackCOMRAM 000505
i2___flmul@aexp                               cstackCOMRAM 000512
i2___flmul@b                                  cstackCOMRAM 000501
i2___flmul@bexp                               cstackCOMRAM 000513
i2___flmul@grs                                cstackCOMRAM 00050E
i2___flmul@prod                               cstackCOMRAM 000514
i2___flmul@sign                               cstackCOMRAM 00050D
i2___flmul@temp                               cstackCOMRAM 000518
i2___flneg                                    text56       007436
i2___flneg@f1                                 cstackCOMRAM 000501
i2___wmul                                     text55       007576
i2___wmul@multiplicand                        cstackCOMRAM 000503
i2___wmul@multiplier                          cstackCOMRAM 000501
i2___wmul@product                             cstackCOMRAM 000505
i2___xxtofl                                   text54       006196
i2___xxtofl@arg                               cstackCOMRAM 00050B
i2___xxtofl@exp                               cstackCOMRAM 00050A
i2___xxtofl@sign                              cstackCOMRAM 000509
i2___xxtofl@val                               cstackCOMRAM 000501
i2_memset                                     text52       0073FE
i2memset@c                                    cstackCOMRAM 000503
i2memset@dest                                 cstackCOMRAM 000501
i2memset@n                                    cstackCOMRAM 000505
i2memset@p                                    cstackCOMRAM 000507
intlevel0                                     text         000000
intlevel1                                     text         000000
intlevel2                                     text         000000
intlevel3                                     text         000000
isa$std                                       (abs)        000001
isa$xinst                                     (abs)        000000
isdigit@c                                     cstackCOMRAM 000501
isxdigit@c                                    cstackCOMRAM 000501
ivt0x8_base                                   ivt0x8       000008
labs@a                                        cstackBANK5  000560
memcpy@d                                      cstackBANK5  000566
memcpy@d1                                     cstackBANK5  000560
memcpy@n                                      cstackBANK5  000564
memcpy@s                                      cstackBANK5  000568
memcpy@s1                                     cstackBANK5  000562
memcpy@tmp                                    cstackBANK5  00056A
memset@c                                      cstackBANK5  000562
memset@dest                                   cstackBANK5  000560
memset@n                                      cstackBANK5  000564
memset@p                                      cstackBANK5  000566
nanf@s                                        cstackCOMRAM 000501
nanf@u                                        cstackCOMRAM 000505
pad@buf                                       cstackBANK5  000572
pad@fp                                        cstackBANK5  000570
pad@i                                         cstackBANK5  000577
pad@p                                         cstackBANK5  000574
read_prec_or_width@ap                         cstackBANK5  000568
read_prec_or_width@c                          cstackBANK5  00056C
read_prec_or_width@fmt                        cstackBANK5  000566
read_prec_or_width@n                          cstackBANK5  00056D
sprintf@ap                                    cstackBANK6  0006AC
sprintf@f                                     cstackBANK6  0006AE
sprintf@fmt                                   cstackBANK6  0006A7
sprintf@s                                     cstackBANK6  0006A5
stackhi                                       (abs)        000000
stacklo                                       (abs)        000000
start                                         init         00001C
start_initialization                          cinit        006EF2
strcpy@d                                      cstackBANK5  000564
strcpy@dest                                   cstackBANK5  000560
strcpy@src                                    cstackBANK5  000562
strtof@_u                                     cstackCOMRAM 00052E
strtof@digit                                  cstackCOMRAM 000528
strtof@dpos                                   cstackCOMRAM 000527
strtof@eexp                                   cstackCOMRAM 00052C
strtof@err                                    cstackCOMRAM 000524
strtof@expon                                  cstackCOMRAM 00052A
strtof@flags                                  cstackCOMRAM 000529
strtof@i                                      cstackCOMRAM 000532
strtof@res                                    cstackCOMRAM 00051C
strtof@s                                      cstackCOMRAM 00051A
strtof@xpos                                   cstackCOMRAM 000526
toupper@c                                     cstackCOMRAM 000501
vfpfcnvrt@ap                                  cstackBANK5  0005EF
vfpfcnvrt@c                                   cstackBANK5  0005F7
vfpfcnvrt@convarg                             cstackBANK5  0005F3
vfpfcnvrt@cp                                  cstackBANK5  0005F8
vfpfcnvrt@fmt                                 cstackBANK5  0005ED
vfpfcnvrt@fp                                  cstackBANK5  0005EB
vfprintf@ap                                   cstackBANK5  0005FC
vfprintf@cfmt                                 cstackBANK5  0005FE
vfprintf@fmt                                  cstackBANK5  0005FB
vfprintf@fp                                   cstackBANK5  0005F9


MODULE INFORMATION

Module		Function		Class		Link	Load	Size
C:\Program Files\Microchip\xc8\v2.46\pic\sources\c99\common\fltol.c
		___fltol       		CODE           	6454	0000	264

C:\Program Files\Microchip\xc8\v2.46\pic\sources\c99\common\fltol.c estimated size: 264

C:\Program Files\Microchip\xc8\v2.46\pic\sources\c99\common\floorf.c
		_floorf        		CODE           	5DC8	0000	534

C:\Program Files\Microchip\xc8\v2.46\pic\sources\c99\common\floorf.c estimated size: 534

PID.c
		_ControladorPID_Calculo		CODE           	4542	0000	1092
		_Controlador_PID		CODE           	6D86	0000	144

PID.c estimated size: 1236

C:\Program Files\Microchip\xc8\v2.46\pic\sources\c99\common\nf_fputc.c
		_fputc         		CODE           	6866	0000	204

C:\Program Files\Microchip\xc8\v2.46\pic\sources\c99\common\nf_fputc.c estimated size: 204

mcc_generated_files/tmr2.c
		_TMR2_Initialize		CODE           	7600	0000	30

mcc_generated_files/tmr2.c estimated size: 30

mcc_generated_files/interrupt_manager.c
		_INTERRUPT_Initialize		CODE           	76A6	0000	12
		_INTERRUPT_InterruptManagerLow		CODE           	5912	0000	656
		_INTERRUPT_InterruptManagerHigh		CODE           	634A	0000	266

mcc_generated_files/interrupt_manager.c estimated size: 934

C:\Program Files\Microchip\xc8\v2.46\pic\sources\c99\common\toupper.c
		_toupper       		CODE           	74A2	0000	46

C:\Program Files\Microchip\xc8\v2.46\pic\sources\c99\common\toupper.c estimated size: 46

C:\Program Files\Microchip\xc8\v2.46\pic\sources\c99\common\xxtofl.c
		___xxtofl      		CODE           	5FDE	0000	440

C:\Program Files\Microchip\xc8\v2.46\pic\sources\c99\common\xxtofl.c estimated size: 440

mcc_generated_files/tmr0.c
		_TMR0_SetInterruptHandler		CODE           	7698	0000	14
		_TMR0_DefaultInterruptHandler		CODE           	76BA	0000	2
		_TMR0_ISR      		CODE           	72A0	0000	64
		_TMR0_Initialize		CODE           	721E	0000	66

mcc_generated_files/tmr0.c estimated size: 146

C:\Program Files\Microchip\xc8\v2.46\pic\sources\c99\common\nanf.c
		_nanf          		CODE           	75C0	0000	34

C:\Program Files\Microchip\xc8\v2.46\pic\sources\c99\common\nanf.c estimated size: 34

C:\Program Files\Microchip\xc8\v2.46\pic\sources\c99\common\isxdigit.c
		_isxdigit      		CODE           	7000	0000	86

C:\Program Files\Microchip\xc8\v2.46\pic\sources\c99\common\isxdigit.c estimated size: 86

mcc_generated_files/pin_manager.c
		_PIN_MANAGER_Initialize		CODE           	6B80	0000	176

mcc_generated_files/pin_manager.c estimated size: 176

C:\Program Files\Microchip\xc8\v2.46\pic\sources\c99\common\flneg.c
		___flneg       		CODE           	72E0	0000	58

C:\Program Files\Microchip\xc8\v2.46\pic\sources\c99\common\flneg.c estimated size: 58

C:\Program Files\Microchip\xc8\v2.46\pic\sources\c99\common\__fpclassifyf.c
		___fpclassifyf 		CODE           	6766	0000	256

C:\Program Files\Microchip\xc8\v2.46\pic\sources\c99\common\__fpclassifyf.c estimated size: 256

C:\Program Files\Microchip\xc8\v2.46\pic\sources\c99\common\sprcmul.c
		___flmul       		CODE           	4986	0000	1068

C:\Program Files\Microchip\xc8\v2.46\pic\sources\c99\common\sprcmul.c estimated size: 1068

C:\Program Files\Microchip\xc8\v2.46\pic\sources\c99\common\strcpy.c
		_strcpy        		CODE           	7260	0000	64

C:\Program Files\Microchip\xc8\v2.46\pic\sources\c99\common\strcpy.c estimated size: 64

C:\Program Files\Microchip\xc8\v2.46\pic\sources\c99\common\memset.c
		_memset        		CODE           	731A	0000	58

C:\Program Files\Microchip\xc8\v2.46\pic\sources\c99\common\memset.c estimated size: 58

C:\Program Files\Microchip\xc8\v2.46\pic\sources\c99\common\sprcdiv.c
		___fldiv       		CODE           	51DC	0000	924

C:\Program Files\Microchip\xc8\v2.46\pic\sources\c99\common\sprcdiv.c estimated size: 924

C:\Program Files\Microchip\xc8\v2.46\pic\sources\c99\common\fleq.c
		___fleq        		CODE           	6C30	0000	172

C:\Program Files\Microchip\xc8\v2.46\pic\sources\c99\common\fleq.c estimated size: 172

C:\Program Files\Microchip\xc8\v2.46\pic\sources\c99\common\doprnt.c
		_read_prec_or_width		CODE           	6932	0000	202
		_vfpfcnvrt     		CODE           	5BA2	0000	550
		_efgtoa        		CODE           	3688	0000	2552
		_pad           		CODE           	6E16	0000	114
		_vfprintf      		CODE           	7056	0000	82

C:\Program Files\Microchip\xc8\v2.46\pic\sources\c99\common\doprnt.c estimated size: 3500

C:\Program Files\Microchip\xc8\v2.46\pic\sources\c99\common\nf_sprintf.c
		_sprintf       		CODE           	70FA	0000	78

C:\Program Files\Microchip\xc8\v2.46\pic\sources\c99\common\nf_sprintf.c estimated size: 78

mcc_generated_files/uart1.c
		_UART1_Write   		CODE           	6F4E	0000	90
		_UART1_SetFramingErrorHandler		CODE           	767C	0000	14
		_UART1_SetOverrunErrorHandler		CODE           	766E	0000	14
		_UART1_Receive_ISR		CODE           	69FC	0000	198
		_UART1_SetRxInterruptHandler		CODE           	7660	0000	14
		_UART1_SetTxInterruptHandler		CODE           	7652	0000	14
		_UART1_Initialize		CODE           	6AC2	0000	190
		_UART1_SetErrorHandler		CODE           	768A	0000	14
		_UART1_Transmit_ISR		CODE           	71D8	0000	70
		_UART_Print_String		CODE           	7354	0000	58
		_UART1_DefaultFramingErrorHandler		CODE           	76BE	0000	2
		_UART1_DefaultErrorHandler		CODE           	76B2	0000	6
		_UART1_RxDataHandler		CODE           	74FC	0000	44
		_UART1_DefaultOverrunErrorHandler		CODE           	76BC	0000	2

mcc_generated_files/uart1.c estimated size: 730

shared
		i2___fleq      		CODE           	6CDC	0000	170
		i2___flneg     		CODE           	7436	0000	56
		i2___wmul      		CODE           	7576	0000	38
		i2___fldiv     		CODE           	5578	0000	922
		__initialization		CODE           	6EF2	0000	86
		i2___flge      		CODE           	6662	0000	260
		i2___flmul     		CODE           	4DB2	0000	1066
		i2___xxtofl    		CODE           	6196	0000	436
		i2_memset      		CODE           	73FE	0000	56

shared estimated size: 3090

C:\Program Files\Microchip\xc8\v2.46\pic\sources\c99\common\putch.c
		_putch         		CODE           	76B8	0000	2

C:\Program Files\Microchip\xc8\v2.46\pic\sources\c99\common\putch.c estimated size: 2

C:\Program Files\Microchip\xc8\v2.46\pic\sources\c99\common\Umul16.c
		___wmul        		CODE           	7528	0000	40

C:\Program Files\Microchip\xc8\v2.46\pic\sources\c99\common\Umul16.c estimated size: 40

C:\Program Files\Microchip\xc8\v2.46\pic\sources\c99\common\strtof.c
		_strtof        		CODE           	2628	0000	4192

C:\Program Files\Microchip\xc8\v2.46\pic\sources\c99\common\strtof.c estimated size: 4192

mcc_generated_files/mcc.c
		_PMD_Initialize		CODE           	759C	0000	36
		_OSCILLATOR_Initialize		CODE           	761E	0000	28
		_SYSTEM_Initialize		CODE           	7550	0000	38

mcc_generated_files/mcc.c estimated size: 102

C:\Program Files\Microchip\xc8\v2.46\pic\sources\c99\common\nf_fputs.c
		_fputs         		CODE           	7148	0000	72

C:\Program Files\Microchip\xc8\v2.46\pic\sources\c99\common\nf_fputs.c estimated size: 72

mcc_generated_files/tmr1.c
		_TMR1_Initialize		CODE           	738E	0000	56

mcc_generated_files/tmr1.c estimated size: 56

mcc_generated_files/pwm1.c
		_PWM1_Initialize		CODE           	763A	0000	24
		_PWM1_LoadDutyValue		CODE           	73C6	0000	56

mcc_generated_files/pwm1.c estimated size: 80

C:\Program Files\Microchip\xc8\v2.46\pic\sources\c99\common\isdigit.c
		_isdigit       		CODE           	74D0	0000	44

C:\Program Files\Microchip\xc8\v2.46\pic\sources\c99\common\isdigit.c estimated size: 44

C:\Program Files\Microchip\xc8\v2.46\pic\sources\c99\common\sprcadd.c
		___flsub       		CODE           	7190	0000	72
		___fladd       		CODE           	4080	0000	1218

C:\Program Files\Microchip\xc8\v2.46\pic\sources\c99\common\sprcadd.c estimated size: 1290

C:\Program Files\Microchip\xc8\v2.46\pic\sources\c99\common\memcpy.c
		_memcpy        		CODE           	70A8	0000	82

C:\Program Files\Microchip\xc8\v2.46\pic\sources\c99\common\memcpy.c estimated size: 82

C:\Program Files\Microchip\xc8\v2.46\pic\sources\c99\common\labs.c
		_labs          		CODE           	6FA8	0000	88

C:\Program Files\Microchip\xc8\v2.46\pic\sources\c99\common\labs.c estimated size: 88

main.c
		_main          		CODE           	75E2	0000	30

main.c estimated size: 30

C:\Program Files\Microchip\xc8\v2.46\pic\sources\c99\common\Umul32.c
		___lmul        		CODE           	6E88	0000	106

C:\Program Files\Microchip\xc8\v2.46\pic\sources\c99\common\Umul32.c estimated size: 106

C:\Program Files\Microchip\xc8\v2.46\pic\sources\c99\common\flge.c
		___flge        		CODE           	655C	0000	262

C:\Program Files\Microchip\xc8\v2.46\pic\sources\c99\common\flge.c estimated size: 262

